Component: ARM Compiler 5.06 update 6 (build 750) Tool: armlink [4d35ed]

==============================================================================

Section Cross References

    my_asm.o(.text) refers to nrk.o(i._nrk_timer_tick) for _nrk_timer_tick
    my_asm.o(.text) refers to nrk.o(.data) for nrk_high_ready_TCB
    hal_wait.o(.ARM.exidx) refers to hal_wait.o(i._Z7halWaitt) for i._Z7halWaitt
    nrk_eeprom.o(.ARM.exidx) refers to nrk_eeprom.o(i._Z20nrk_eeprom_read_bytet) for i._Z20nrk_eeprom_read_bytet
    nrk_eeprom.o(.ARM.exidx) refers to nrk_eeprom.o(i._Z21nrk_eeprom_write_byteth) for i._Z21nrk_eeprom_write_byteth
    nrk_eeprom.o(.ARM.exidx) refers to nrk_eeprom.o(i._Z23read_eeprom_mac_addressPj) for i._Z23read_eeprom_mac_addressPj
    nrk_eeprom.o(.ARM.exidx) refers to nrk_eeprom.o(i._Z19read_eeprom_channelPh) for i._Z19read_eeprom_channelPh
    nrk_eeprom.o(.ARM.exidx) refers to nrk_eeprom.o(i._Z27write_eeprom_load_img_pagesPh) for i._Z27write_eeprom_load_img_pagesPh
    nrk_eeprom.o(.ARM.exidx) refers to nrk_eeprom.o(i._Z26read_eeprom_load_img_pagesPh) for i._Z26read_eeprom_load_img_pagesPh
    nrk_eeprom.o(.ARM.exidx) refers to nrk_eeprom.o(i._Z19read_eeprom_aes_keyPh) for i._Z19read_eeprom_aes_keyPh
    nrk_eeprom.o(.ARM.exidx) refers to nrk_eeprom.o(i._Z20write_eeprom_aes_keyPh) for i._Z20write_eeprom_aes_keyPh
    nrk_eeprom.o(.ARM.exidx) refers to nrk_eeprom.o(i._Z34read_eeprom_current_image_checksumPh) for i._Z34read_eeprom_current_image_checksumPh
    nrk_eeprom.o(.ARM.exidx) refers to nrk_eeprom.o(i._Z35write_eeprom_current_image_checksumPh) for i._Z35write_eeprom_current_image_checksumPh
    ulib.o(i._Z11GPIO_SetDirhjh) refers to ulib.o(i._Z15GPIO_GetPointerh) for GPIO_GetPointer(unsigned char)
    ulib.o(i._Z11GPIO_Togglehj) refers to ulib.o(i._Z15GPIO_GetPointerh) for GPIO_GetPointer(unsigned char)
    ulib.o(i._Z11nrk_led_clri) refers to ulib.o(i._Z12nrk_gpio_clrj) for nrk_gpio_clr(unsigned)
    ulib.o(i._Z11nrk_led_seti) refers to ulib.o(i._Z12nrk_gpio_setj) for nrk_gpio_set(unsigned)
    ulib.o(i._Z11setup_uart2t) refers to ulib.o(i._Z21UART_ConfigStructInitP13UART_CFG_Type) for UART_ConfigStructInit(UART_CFG_Type*)
    ulib.o(i._Z11setup_uart2t) refers to ulib.o(i._Z9UART_InitP16LPC_UART_TypeDefP13UART_CFG_Type) for UART_Init(LPC_UART_TypeDef*, UART_CFG_Type*)
    ulib.o(i._Z11setup_uart3j) refers to ulib.o(i._Z21UART_ConfigStructInitP13UART_CFG_Type) for UART_ConfigStructInit(UART_CFG_Type*)
    ulib.o(i._Z11setup_uart3j) refers to ulib.o(i._Z9UART_InitP16LPC_UART_TypeDefP13UART_CFG_Type) for UART_Init(LPC_UART_TypeDef*, UART_CFG_Type*)
    ulib.o(i._Z12nrk_gpio_clrj) refers to ulib.o(i._Z15GPIO_ClearValuehj) for GPIO_ClearValue(unsigned char, unsigned)
    ulib.o(i._Z12nrk_gpio_geth) refers to ulib.o(i._Z14GPIO_ReadValueh) for GPIO_ReadValue(unsigned char)
    ulib.o(i._Z12nrk_gpio_setj) refers to ulib.o(i._Z13GPIO_SetValuehj) for GPIO_SetValue(unsigned char, unsigned)
    ulib.o(i._Z12setupSPIPinsv) refers to ulib.o(i._Z16PINSEL_ConfigPinP15PINSEL_CFG_Type) for PINSEL_ConfigPin(PINSEL_CFG_Type*)
    ulib.o(i._Z13GPIO_SetValuehj) refers to ulib.o(i._Z15GPIO_GetPointerh) for GPIO_GetPointer(unsigned char)
    ulib.o(i._Z14CLKPWR_GetPCLKj) refers to ulib.o(i._Z17CLKPWR_GetPCLKSELj) for CLKPWR_GetPCLKSEL(unsigned)
    ulib.o(i._Z14CLKPWR_GetPCLKj) refers to system_LPC17xx.o(.data) for SystemCoreClock
    ulib.o(i._Z14GPIO_ReadValueh) refers to ulib.o(i._Z15GPIO_GetPointerh) for GPIO_GetPointer(unsigned char)
    ulib.o(i._Z14nrk_led_togglei) refers to ulib.o(i._Z15nrk_gpio_togglej) for nrk_gpio_toggle(unsigned)
    ulib.o(i._Z14nrk_setup_uartj) refers to ulib.o(i._Z11setup_uart3j) for setup_uart3(unsigned)
    ulib.o(i._Z14setup_uartPinsv) refers to ulib.o(i._Z16PINSEL_ConfigPinP15PINSEL_CFG_Type) for PINSEL_ConfigPin(PINSEL_CFG_Type*)
    ulib.o(i._Z15GPIO_ClearValuehj) refers to ulib.o(i._Z15GPIO_GetPointerh) for GPIO_GetPointer(unsigned char)
    ulib.o(i._Z15nrk_gpio_togglej) refers to ulib.o(i._Z11GPIO_Togglehj) for GPIO_Toggle(unsigned char, unsigned)
    ulib.o(i._Z15nrk_setup_portsv) refers to ulib.o(i._Z9PORT_INITv) for PORT_INIT()
    ulib.o(i._Z16PINSEL_ConfigPinP15PINSEL_CFG_Type) refers to ulib.o(i._Z11set_PinFunchhh) for set_PinFunc(unsigned char, unsigned char, unsigned char)
    ulib.o(i._Z16PINSEL_ConfigPinP15PINSEL_CFG_Type) refers to ulib.o(i._Z16set_ResistorModehhh) for set_ResistorMode(unsigned char, unsigned char, unsigned char)
    ulib.o(i._Z16PINSEL_ConfigPinP15PINSEL_CFG_Type) refers to ulib.o(i._Z17set_OpenDrainModehhh) for set_OpenDrainMode(unsigned char, unsigned char, unsigned char)
    ulib.o(i._Z17uart_set_divisorsP16LPC_UART_TypeDefj) refers to ulib.o(i._Z14CLKPWR_GetPCLKj) for CLKPWR_GetPCLK(unsigned)
    ulib.o(i._Z17uart_set_divisorsP16LPC_UART_TypeDefj) refers to lludivv7m.o(.text) for __aeabi_uldivmod
    ulib.o(i._Z18nrk_gpio_directionjh) refers to ulib.o(i._Z11GPIO_SetDirhjh) for GPIO_SetDir(unsigned char, unsigned, unsigned char)
[...]
    nrk_wait_until_next_period()             0x00005639   Thumb Code    58  nrk_task.o(i._Z26nrk_wait_until_next_periodv)
    _nrk_high_speed_timer_reset()            0x0000567d   Thumb Code    20  nrk_timer.o(i._Z27_nrk_high_speed_timer_resetv)
    nrk_task_set_entry_function(task_type*, void(*)()) 0x00005695   Thumb Code     4  nrk_cpu.o(i._Z27nrk_task_set_entry_functionP9task_typePFvvE)
    nrk_wait_until_next_n_periods(unsigned short) 0x00005699   Thumb Code    68  nrk_task.o(i._Z29nrk_wait_until_next_n_periodst)
    _b_pow(unsigned char)                    0x000056e5   Thumb Code    36  bmac.o(i._Z6_b_powh)
    initLED()                                0x00005709   Thumb Code   156  ulib.o(i._Z7initLEDv)
    rf_init(RF_RX_INFO*, unsigned char, unsigned short, unsigned short) 0x000057a9   Thumb Code    80  basic_rf.o(i._Z7rf_initP10RF_RX_INFOhtt)
    rx_task()                                0x00005801   Thumb Code   132  main.o(i._Z7rx_taskv)
    tx_task()                                0x000058d5   Thumb Code   134  main.o(i._Z7tx_taskv)
    _bmac_rx()                               0x00005999   Thumb Code   104  bmac.o(i._Z8_bmac_rxv)
    _bmac_tx()                               0x00005a05   Thumb Code   206  bmac.o(i._Z8_bmac_txv)
    mrf_init(unsigned char)                  0x00005ae1   Thumb Code    40  mrf24j40.o(i._Z8mrf_inith)
    mrf_rssi()                               0x00005b0d   Thumb Code    42  mrf24j40.o(i._Z8mrf_rssiv)
    nrk_init()                               0x00005b39   Thumb Code   156  nrk.o(i._Z8nrk_initv)
    nrk_wait(nrk_time_t)                     0x00005be5   Thumb Code    74  nrk_task.o(i._Z8nrk_wait10nrk_time_t)
    rf_rx_on()                               0x00005c39   Thumb Code    22  basic_rf.o(i._Z8rf_rx_onv)
    PORT_INIT()                              0x00005c59   Thumb Code    22  ulib.o(i._Z9PORT_INITv)
    bmac_init(unsigned char)                 0x00005c71   Thumb Code   102  bmac.o(i._Z9bmac_inith)
    initDEBUG()                              0x00005ce5   Thumb Code   152  ulib.o(i._Z9initDEBUGv)
    mrf_reset(unsigned char)                 0x00005d81   Thumb Code   188  mrf24j40.o(i._Z9mrf_reseth)
    nrk_start()                              0x00005e3d   Thumb Code   124  nrk.o(i._Z9nrk_startv)
    rf_rx_off()                              0x00005ec5   Thumb Code    22  basic_rf.o(i._Z9rf_rx_offv)
    mbed::Base::clear(const char*, char*)    0x00006299   Thumb Code    42  Base.cpp.lpc1768.arm.o(i._ZN4mbed4Base5clearEPKcPc)
    mbed::Base::lookup(const char*, unsigned) 0x000062c9   Thumb Code    50  Base.cpp.lpc1768.arm.o(i._ZN4mbed4Base6lookupEPKcj)
    mbed::Base::list_objs(const char*, char*) 0x00006301   Thumb Code    56  Base.cpp.lpc1768.arm.o(i._ZN4mbed4Base9list_objsEPKcPc)
    std::type_info::operator ==(const std::type_info&) const 0x00006341   Thumb Code    32  type_info_eq.o(i._ZNKSt9type_infoeqERKS_)
    operator delete[] (void*)                0x00006361   Thumb Code     8  array_del.o(i._ZdaPv)
    operator delete (void*)                  0x00006369   Thumb Code     8  delete.o(i._ZdlPv)
    __ARM_common_get_typeid                  0x00006371   Thumb Code    32  rtti.o(i.__ARM_common_get_typeid)
    __ARM_fpclassify                         0x00006391   Thumb Code    40  fpclassify.o(i.__ARM_fpclassify)
    __derived_to_base_conversion             0x000063b9   Thumb Code   106  rtti.o(i.__derived_to_base_conversion)
    __dynamic_cast                           0x00006429   Thumb Code   170  rtti.o(i.__dynamic_cast)
    __mathlib_dbl_overflow                   0x000064dd   Thumb Code    14  dunder.o(i.__mathlib_dbl_overflow)
    __mathlib_dbl_underflow                  0x000064ed   Thumb Code    10  dunder.o(i.__mathlib_dbl_underflow)
    __mathlib_flt_overflow                   0x000064fd   Thumb Code    10  funder.o(i.__mathlib_flt_overflow)
    __mathlib_flt_underflow                  0x00006507   Thumb Code    10  funder.o(i.__mathlib_flt_underflow)
    __mathlib_narrow                         0x00006511   Thumb Code    16  narrow.o(i.__mathlib_narrow)
    __mathlib_tofloat                        0x00006521   Thumb Code   184  narrow.o(i.__mathlib_tofloat)
    __support_ldexp                          0x000065dd   Thumb Code    22  ldexp.o(i.__support_ldexp)
    __user_setup_stackheap                   0x000065f5   Thumb Code     8  stackheap.o(i.__user_setup_stackheap)
    _is_digit                                0x00006601   Thumb Code    14  __printf_wp.o(i._is_digit)
    _nrk_timer_tick                          0x0000660f   Thumb Code     4  nrk.o(i._nrk_timer_tick)
    _sys_close                               0x00006615   Thumb Code    40  stdio.cpp.lpc1768.arm.o(i._sys_close)
    _sys_flen                                0x00006641   Thumb Code    34  stdio.cpp.lpc1768.arm.o(i._sys_flen)
    _sys_istty                               0x00006669   Thumb Code    34  stdio.cpp.lpc1768.arm.o(i._sys_istty)
    _sys_open                                0x00006691   Thumb Code   348  stdio.cpp.lpc1768.arm.o(i._sys_open)
    _sys_seek                                0x00006815   Thumb Code    40  stdio.cpp.lpc1768.arm.o(i._sys_seek)
    _sys_write                               0x00006841   Thumb Code    76  stdio.cpp.lpc1768.arm.o(i._sys_write)
    exit                                     0x00006895   Thumb Code    22  exit.c.lpc1768.arm.o(i.exit)
    fputc                                    0x000068ab   Thumb Code    26  fputc.o(i.fputc)
    frexp                                    0x000068c5   Thumb Code    80  frexp.o(i.frexp)
    gpio_output                              0x0000691d   Thumb Code    48  gpio_api.c.lpc1768.arm.o(i.gpio_output)
    gpio_write                               0x0000694d   Thumb Code    24  gpio_api.c.lpc1768.arm.o(i.gpio_write)
    ldexp                                    0x00006965   Thumb Code   116  ldexp.o(i.ldexp)
    main                                     0x000069d9   Thumb Code    26  main.o(i.main)
    mbed_die                                 0x000069f5   Thumb Code   114  utils_api.c.lpc1768.arm.o(i.mbed_die)
    pin_function                             0x00006a6d   Thumb Code    52  pinmap.c.lpc1768.arm.o(i.pin_function)
    pin_mode                                 0x00006aa5   Thumb Code    52  pinmap.c.lpc1768.arm.o(i.pin_mode)
    pinmap_merge                             0x00006add   Thumb Code    36  pinmap.c.lpc1768.arm.o(i.pinmap_merge)
    pinmap_peripheral                        0x00006b19   Thumb Code    50  pinmap.c.lpc1768.arm.o(i.pinmap_peripheral)
    pinmap_pinout                            0x00006b71   Thumb Code   134  pinmap.c.lpc1768.arm.o(i.pinmap_pinout)
    scalbnf                                  0x00006c15   Thumb Code    84  scalbnf.o(i.scalbnf)
    semihost_exit                            0x00006c69   Thumb Code    12  semihost_api.c.lpc1768.arm.o(i.semihost_exit)
    serial_baud                              0x00006c75   Thumb Code   218  serial_api.c.lpc1768.arm.o(i.serial_baud)
    serial_format                            0x00006d75   Thumb Code   132  serial_api.c.lpc1768.arm.o(i.serial_format)
    serial_init                              0x00006e09   Thumb Code   178  serial_api.c.lpc1768.arm.o(i.serial_init)
    serial_putc                              0x00006eed   Thumb Code    12  serial_api.c.lpc1768.arm.o(i.serial_putc)
    timer_frequency                          0x00006ef9   Thumb Code    16  timer_api.c.lpc1768.arm.o(i.timer_frequency)
    timer_init                               0x00006f0d   Thumb Code   100  timer_api.c.lpc1768.arm.o(i.timer_init)
    timer_read                               0x00006f7d   Thumb Code     4  timer_api.c.lpc1768.arm.o(i.timer_read)
    timer_start                              0x00006f81   Thumb Code    12  timer_api.c.lpc1768.arm.o(i.timer_start)
    us_ticker_read                           0x00006f8d   Thumb Code    44  us_ticker_api.c.lpc1768.arm.o(i.us_ticker_read)
    wait_ms                                  0x00006fc5   Thumb Code    28  wait_api.c.lpc1768.arm.o(i.wait_ms)
    wait_us                                  0x00006fe1   Thumb Code    22  wait_api.c.lpc1768.arm.o(i.wait_us)
    _get_lc_numeric                          0x00006ff9   Thumb Code    44  lc_numeric_c.o(locale$$code)
    _get_lc_ctype                            0x00007025   Thumb Code    44  lc_ctype_c.o(locale$$code)
    __aeabi_d2f                              0x00007051   Thumb Code     0  d2f.o(x$fpl$d2f)
    _d2f                                     0x00007051   Thumb Code    98  d2f.o(x$fpl$d2f)
    __fpl_dcheck_NaN1                        0x000070b5   Thumb Code    10  dcheck1.o(x$fpl$dcheck1)
    __fpl_dcmp_Inf                           0x000070c5   Thumb Code    24  dcmpi.o(x$fpl$dcmpinf)
    __aeabi_cdcmpeq                          0x000070dd   Thumb Code     0  deqf.o(x$fpl$deqf)
    _dcmpeq                                  0x000070dd   Thumb Code   120  deqf.o(x$fpl$deqf)
    __aeabi_cdcmple                          0x00007155   Thumb Code     0  dleqf.o(x$fpl$dleqf)
    _dcmple                                  0x00007155   Thumb Code   120  dleqf.o(x$fpl$dleqf)
    __fpl_dcmple_InfNaN                      0x000071b7   Thumb Code     0  dleqf.o(x$fpl$dleqf)
    __fpl_dnaninf                            0x000071cd   Thumb Code   156  dnaninf.o(x$fpl$dnaninf)
    __aeabi_cdrcmple                         0x00007269   Thumb Code     0  drleqf.o(x$fpl$drleqf)
    _drcmple                                 0x00007269   Thumb Code   108  drleqf.o(x$fpl$drleqf)
    __aeabi_fadd                             0x000072d5   Thumb Code     0  faddsub_clz.o(x$fpl$fadd)
    _fadd                                    0x000072d5   Thumb Code   196  faddsub_clz.o(x$fpl$fadd)
    __fpl_fcheck_NaN1                        0x00007399   Thumb Code     6  fcheck1.o(x$fpl$fcheck1)
    __aeabi_fdiv                             0x000073a5   Thumb Code     0  fdiv.o(x$fpl$fdiv)
    _fdiv                                    0x000073a5   Thumb Code   384  fdiv.o(x$fpl$fdiv)
    __aeabi_f2iz                             0x00007529   Thumb Code     0  ffix.o(x$fpl$ffix)
    _ffix                                    0x00007529   Thumb Code    54  ffix.o(x$fpl$ffix)
    __aeabi_i2f                              0x00007561   Thumb Code     0  fflt_clz.o(x$fpl$fflt)
    _fflt                                    0x00007561   Thumb Code    48  fflt_clz.o(x$fpl$fflt)
    __aeabi_ui2f                             0x00007591   Thumb Code     0  fflt_clz.o(x$fpl$ffltu)
    _ffltu                                   0x00007591   Thumb Code    38  fflt_clz.o(x$fpl$ffltu)
    __aeabi_fmul                             0x000075b9   Thumb Code     0  fmul.o(x$fpl$fmul)
    _fmul                                    0x000075b9   Thumb Code   258  fmul.o(x$fpl$fmul)
    __fpl_fnaninf                            0x000076bb   Thumb Code   140  fnaninf.o(x$fpl$fnaninf)
    __fpl_fretinf                            0x00007747   Thumb Code    10  fretinf.o(x$fpl$fretinf)
    __aeabi_fsub                             0x00007751   Thumb Code     0  faddsub_clz.o(x$fpl$fsub)
    _fsub                                    0x00007751   Thumb Code   234  faddsub_clz.o(x$fpl$fsub)
    __ieee_status                            0x0000783b   Thumb Code     6  istatus.o(x$fpl$ieeestatus)
    _printf_fp_dec                           0x00007841   Thumb Code     4  printf1.o(x$fpl$printf1)
    _printf_fp_hex                           0x00007845   Thumb Code     4  printf2.o(x$fpl$printf2)
    __fpl_return_NaN                         0x00007849   Thumb Code   100  retnan.o(x$fpl$retnan)
    __ARM_scalbn                             0x000078ad   Thumb Code    92  scalbn.o(x$fpl$scalbn)
    __ARM_scalbnf                            0x00007909   Thumb Code    76  scalbnf.o(x$fpl$scalbnf)
    _scanf_real                              0x00007955   Thumb Code     4  scanf1.o(x$fpl$scanf1)
    _scanf_hex_real                          0x00007959   Thumb Code     4  scanf2.o(x$fpl$scanf2)
    _scanf_infnan                            0x0000795d   Thumb Code     4  scanf2.o(x$fpl$scanf2)
    __fpl_cmpreturn                          0x00007961   Thumb Code    48  trapv.o(x$fpl$trapveneer)
    __I$use$fp                               0x00007990   Number         0  usenofp.o(x$fpl$usenofp)
    __stdin_name                             0x000079c9   Data           7  stdio.cpp.lpc1768.arm.o(.constdata)
    __stdout_name                            0x000079d0   Data           8  stdio.cpp.lpc1768.arm.o(.constdata)
    __stderr_name                            0x000079d8   Data           8  stdio.cpp.lpc1768.arm.o(.constdata)
    mbed::Base::_base_funcs                  0x00007b34   Data          24  Base.cpp.lpc1768.arm.o(.constdata)
    typeinfo for __cxxabiv1::__class_type_info 0x00007c10   Data          12  lib_rtti_impl.o(.constdata__ZTIN10__cxxabiv117__class_type_infoE)
    typeinfo for __cxxabiv1::__si_class_type_info 0x00007c1c   Data          12  lib_rtti_impl.o(.constdata__ZTIN10__cxxabiv120__si_class_type_infoE)
    typeinfo for __cxxabiv1::__vmi_class_type_info 0x00007c28   Data          12  lib_rtti_impl.o(.constdata__ZTIN10__cxxabiv121__vmi_class_type_infoE)
    typeinfo for mbed::FileHandle            0x00007c34   Data           8  stdio.cpp.lpc1768.arm.o(.constdata__ZTIN4mbed10FileHandleE)
    typeinfo for mbed::FileSystemLike        0x00007c3c   Data          12  stdio.cpp.lpc1768.arm.o(.constdata__ZTIN4mbed14FileSystemLikeE)
    typeinfo for mbed::Base                  0x00007c48   Data           8  Base.cpp.lpc1768.arm.o(.constdata__ZTIN4mbed4BaseE)
    typeinfo for mbed::FileLike              0x00007c50   Data          32  stdio.cpp.lpc1768.arm.o(.constdata__ZTIN4mbed8FileLikeE)
    typeinfo for std::type_info              0x00007c70   Data           8  type_info_dtor.o(.constdata__ZTISt9type_info)
    typeinfo name for __cxxabiv1::__class_type_info 0x00007c78   Data          34  lib_rtti_impl.o(.constdata__ZTSN10__cxxabiv117__class_type_infoE)
    typeinfo name for __cxxabiv1::__si_class_type_info 0x00007c9a   Data          37  lib_rtti_impl.o(.constdata__ZTSN10__cxxabiv120__si_class_type_infoE)
    typeinfo name for __cxxabiv1::__vmi_class_type_info 0x00007cbf   Data          38  lib_rtti_impl.o(.constdata__ZTSN10__cxxabiv121__vmi_class_type_infoE)
    typeinfo name for mbed::FileHandle       0x00007ce5   Data          20  stdio.cpp.lpc1768.arm.o(.constdata__ZTSN4mbed10FileHandleE)
    typeinfo name for mbed::FileSystemLike   0x00007cf9   Data          24  stdio.cpp.lpc1768.arm.o(.constdata__ZTSN4mbed14FileSystemLikeE)
    typeinfo name for mbed::Base             0x00007d11   Data          13  Base.cpp.lpc1768.arm.o(.constdata__ZTSN4mbed4BaseE)
    typeinfo name for mbed::FileLike         0x00007d1e   Data          17  stdio.cpp.lpc1768.arm.o(.constdata__ZTSN4mbed8FileLikeE)
    typeinfo name for std::type_info         0x00007d2f   Data          13  type_info_dtor.o(.constdata__ZTSSt9type_info)
    vtable for __cxxabiv1::__class_type_info 0x00007d3c   Data          16  lib_rtti_impl.o(.constdata__ZTVN10__cxxabiv117__class_type_infoE)
    vtable for __cxxabiv1::__si_class_type_info 0x00007d4c   Data          16  lib_rtti_impl.o(.constdata__ZTVN10__cxxabiv120__si_class_type_infoE)
    vtable for __cxxabiv1::__vmi_class_type_info 0x00007d5c   Data          16  lib_rtti_impl.o(.constdata__ZTVN10__cxxabiv121__vmi_class_type_infoE)
    Region$$Table$$Base                      0x00007d80   Number         0  anon$$obj.o(Region$$Table)
    Region$$Table$$Limit                     0x00007da0   Number         0  anon$$obj.o(Region$$Table)
    __aeabi_HUGE_VAL                         0x00007da0   Data           0  fpconst.o(c$$dinf)
    __aeabi_HUGE_VALL                        0x00007da0   Data           0  fpconst.o(c$$dinf)
    __aeabi_INFINITY                         0x00007da0   Data           0  fpconst.o(c$$dinf)
    __dInf                                   0x00007da0   Data           0  fpconst.o(c$$dinf)
    __huge_val                               0x00007da0   Data           0  fpconst.o(c$$dinf)
    __dbl_max                                0x00007da8   Data           0  fpconst.o(c$$dmax)
    __ctype                                  0x00007dd9   Data           0  lc_ctype_c.o(locale$$data)
    _nrk_prev_timer_val                      0x100000c4   Data           1  nrk_timer.o(.data)
    _nrk_time_trigger                        0x100000c5   Data           1  nrk_timer.o(.data)
    nrk_kernel_stk_ptr                       0x100000c8   Data           4  nrk.o(.data)
    nrk_wakeup_signal                        0x100000cc   Data           1  nrk.o(.data)
    nrk_cur_task_prio                        0x100000d0   Data           1  nrk.o(.data)
    nrk_high_ready_prio                      0x100000d1   Data           1  nrk.o(.data)
    nrk_task_init_cnt                        0x100000d2   Data           1  nrk.o(.data)
    _free_node                               0x100000d4   Data           4  nrk.o(.data)
    _head_node                               0x100000d8   Data           4  nrk.o(.data)
    nrk_cur_task_TCB                         0x100000dc   Data           4  nrk.o(.data)
    nrk_high_ready_TCB                       0x100000e0   Data           4  nrk.o(.data)
    nrk_system_time                          0x100000e4   Data           8  nrk.o(.data)
    error_task                               0x100000ec   Data           1  nrk_error.o(.data)
    error_num                                0x100000ed   Data           1  nrk_error.o(.data)
    _nrk_signal_list                         0x100000f0   Data           4  nrk_events.o(.data)
    _nrk_cpu_state                           0x100000f4   Data           1  nrk_scheduler.o(.data)
    task_addr                                0x100000f8   Data           4  nrk_scheduler.o(.data)
    myAddr                                   0x100000fc   Data           2  mrf24j40.o(.data)
    myPanid                                  0x100000fe   Data           2  mrf24j40.o(.data)
    rx_ready                                 0x10000100   Data           1  basic_rf.o(.data)
    auto_ack_enable                          0x10000101   Data           1  basic_rf.o(.data)
    security_enable                          0x10000102   Data           1  basic_rf.o(.data)
    rx_data_ready                            0x10000103   Data           1  basic_rf.o(.data)
    tx_status_ready                          0x10000104   Data           1  basic_rf.o(.data)
    rssi_cca_thold                           0x10000105   Data           1  basic_rf.o(.data)
    bmac_rx_pkt_signal                       0x10000108   Data           1  bmac.o(.data)
    bmac_tx_pkt_done_signal                  0x10000109   Data           1  bmac.o(.data)
    bmac_enable_signal                       0x1000010a   Data           1  bmac.o(.data)
    playerscore                              0x10000128   Data           4  main.o(.data)
    selected_node                            0x1000012c   Data           4  main.o(.data)
    ctr_cnt                                  0x10000130   Data           4  main.o(.data)
    SystemCoreClock                          0x10000134   Data           4  system_LPC17xx.o(.data)
    __aeabi_stdin                            0x1000013c   Data           4  stdio_streams.o(.data)
    __aeabi_stdout                           0x10000140   Data           4  stdio_streams.o(.data)
    __aeabi_stderr                           0x10000144   Data           4  stdio_streams.o(.data)
    mbed::Base::_head                        0x10000148   Data           4  Base.cpp.lpc1768.arm.o(.data)
    mbed::Base::_classes                     0x1000014c   Data           4  Base.cpp.lpc1768.arm.o(.data)
    mbed::Base::_base_class                  0x10000150   Data          12  Base.cpp.lpc1768.arm.o(.data)
    nrk_kernel_stk                           0x10000160   Data         128  nrk.o(.bss)
    nrk_idle_task_stk                        0x100001e0   Data         128  nrk.o(.bss)
    nrk_task_TCB                             0x10000260   Data         440  nrk.o(.bss)
    _nrk_readyQ                              0x10000418   Data         132  nrk.o(.bss)
    rfSettings                               0x1000049c   Data          12  basic_rf.o(.bss)
    bmac_rfRxInfo                            0x100005d4   Data          16  bmac.o(.bss)
    bmac_rfTxInfo                            0x100005e4   Data          12  bmac.o(.bss)
    RX_TASK                                  0x100005f0   Data          44  main.o(.bss)
    rx_task_stack                            0x1000061c   Data         512  main.o(.bss)
    TX_TASK                                  0x1000081c   Data          44  main.o(.bss)
    tx_task_stack                            0x10000848   Data         512  main.o(.bss)
    tx_buf                                   0x10000a48   Data         115  main.o(.bss)
    rx_buf                                   0x10000abb   Data         115  main.o(.bss)
    __stdin                                  0x10000b30   Data          84  stdio_streams.o(.bss)
    __stdout                                 0x10000b84   Data          84  stdio_streams.o(.bss)
    __stderr                                 0x10000bd8   Data          84  stdio_streams.o(.bss)
    _random_number_data                      0x10000c2c   Data         228  rand.o(.bss)
    Image$$RW_IRAM1$$ZI$$Limit               0x10000d70   Number         0  anon$$obj.o ABSOLUTE



==============================================================================

Memory Map of the image

  Image Entry point : 0x000000c5

  Load Region LR_IROM1 (Base: 0x00000000, Size: 0x0000803c, Max: 0x00080000, ABSOLUTE, COMPRESSED[0x00007ef0])

    Execution Region ER_IROM1 (Exec base: 0x00000000, Load base: 0x00000000, Size: 0x00007edc, Max: 0x00080000, ABSOLUTE)

    Exec Addr    Load Addr    Size         Type   Attr      Idx    E Section Name        Object

    0x00000000   0x00000000   0x000000c4   Data   RO         2555    RESET               startup_LPC17xx.o
    0x000000c4   0x000000c4   0x00000008   Code   RO         2676  * !!!main             c_w.l(__main.o)
    0x000000cc   0x000000cc   0x00000034   Code   RO         3824    !!!scatter          c_w.l(__scatter.o)
    0x00000100   0x00000100   0x0000003a   Code   RO         3822    !!dczerorl          c_w.l(__dczerorl.o)
    0x0000013a   0x0000013a   0x00000002   PAD
    0x0000013c   0x0000013c   0x0000001c   Code   RO         3826    !!handler_zi        c_w.l(__scatter_zi.o)
    0x00000158   0x00000158   0x00000000   Code   RO         2658    .ARM.Collect$$_printf_percent$$00000000  c_w.l(_printf_percent.o)
    0x00000158   0x00000158   0x00000006   Code   RO         3532    .ARM.Collect$$_printf_percent$$00000001  c_w.l(_printf_n.o)
    0x0000015e   0x0000015e   0x00000006   Code   RO         3533    .ARM.Collect$$_printf_percent$$00000002  c_w.l(_printf_p.o)
    0x00000164   0x00000164   0x00000006   Code   RO         3537    .ARM.Collect$$_printf_percent$$00000003  c_w.l(_printf_f.o)
    0x0000016a   0x0000016a   0x00000006   Code   RO         3538    .ARM.Collect$$_printf_percent$$00000004  c_w.l(_printf_e.o)
    0x00000170   0x00000170   0x00000006   Code   RO         3539    .ARM.Collect$$_printf_percent$$00000005  c_w.l(_printf_g.o)
    0x00000176   0x00000176   0x00000006   Code   RO         3540    .ARM.Collect$$_printf_percent$$00000006  c_w.l(_printf_a.o)
    0x0000017c   0x0000017c   0x0000000a   Code   RO         3544    .ARM.Collect$$_printf_percent$$00000007  c_w.l(_printf_ll.o)
    0x00000186   0x00000186   0x00000006   Code   RO         3535    .ARM.Collect$$_printf_percent$$00000008  c_w.l(_printf_i.o)
    0x0000018c   0x0000018c   0x00000006   Code   RO         2657    .ARM.Collect$$_printf_percent$$00000009  c_w.l(_printf_d.o)
    0x00000192   0x00000192   0x00000006   Code   RO         3536    .ARM.Collect$$_printf_percent$$0000000A  c_w.l(_printf_u.o)
    0x00000198   0x00000198   0x00000006   Code   RO         3534    .ARM.Collect$$_printf_percent$$0000000B  c_w.l(_printf_o.o)
    0x0000019e   0x0000019e   0x00000006   Code   RO         2656    .ARM.Collect$$_printf_percent$$0000000C  c_w.l(_printf_x.o)
    0x000001a4   0x000001a4   0x00000006   Code   RO         3541    .ARM.Collect$$_printf_percent$$0000000D  c_w.l(_printf_lli.o)
    0x000001aa   0x000001aa   0x00000006   Code   RO         3542    .ARM.Collect$$_printf_percent$$0000000E  c_w.l(_printf_lld.o)
    0x000001b0   0x000001b0   0x00000006   Code   RO         3543    .ARM.Collect$$_printf_percent$$0000000F  c_w.l(_printf_llu.o)
    0x000001b6   0x000001b6   0x00000006   Code   RO         3548    .ARM.Collect$$_printf_percent$$00000010  c_w.l(_printf_llo.o)
    0x000001bc   0x000001bc   0x00000006   Code   RO         3549    .ARM.Collect$$_printf_percent$$00000011  c_w.l(_printf_llx.o)
    0x000001c2   0x000001c2   0x0000000a   Code   RO         3545    .ARM.Collect$$_printf_percent$$00000012  c_w.l(_printf_l.o)
    0x000001cc   0x000001cc   0x00000006   Code   RO         3531    .ARM.Collect$$_printf_percent$$00000013  c_w.l(_printf_c.o)
    0x000001d2   0x000001d2   0x00000006   Code   RO         2655    .ARM.Collect$$_printf_percent$$00000014  c_w.l(_printf_s.o)
    0x000001d8   0x000001d8   0x00000006   Code   RO         3546    .ARM.Collect$$_printf_percent$$00000015  c_w.l(_printf_lc.o)
    0x000001de   0x000001de   0x00000006   Code   RO         3547    .ARM.Collect$$_printf_percent$$00000016  c_w.l(_printf_ls.o)
    0x000001e4   0x000001e4   0x00000004   Code   RO         2713    .ARM.Collect$$_printf_percent$$00000017  c_w.l(_printf_percent_end.o)
    0x000001e8   0x000001e8   0x00000002   Code   RO         3164    .ARM.Collect$$libinit$$00000000  c_w.l(libinit.o)
    0x000001ea   0x000001ea   0x00000000   Code   RO         2725    .ARM.Collect$$libinit$$00000002  c_w.l(libinit2.o)
    0x000001ea   0x000001ea   0x00000000   Code   RO         2727    .ARM.Collect$$libinit$$00000004  c_w.l(libinit2.o)
    0x000001ea   0x000001ea   0x00000008   Code   RO         2728    .ARM.Collect$$libinit$$00000005  c_w.l(libinit2.o)
    0x000001f2   0x000001f2   0x00000000   Code   RO         2730    .ARM.Collect$$libinit$$0000000A  c_w.l(libinit2.o)
    0x000001f2   0x000001f2   0x00000000   Code   RO         2732    .ARM.Collect$$libinit$$0000000C  c_w.l(libinit2.o)
    0x000001f2   0x000001f2   0x00000004   Code   RO         2733    .ARM.Collect$$libinit$$0000000D  c_w.l(libinit2.o)
    0x000001f6   0x000001f6   0x00000000   Code   RO         2734    .ARM.Collect$$libinit$$0000000E  c_w.l(libinit2.o)
    0x000001f6   0x000001f6   0x00000006   Code   RO         2735    .ARM.Collect$$libinit$$0000000F  c_w.l(libinit2.o)
    0x000001fc   0x000001fc   0x00000000   Code   RO         2737    .ARM.Collect$$libinit$$00000011  c_w.l(libinit2.o)
    0x000001fc   0x000001fc   0x0000000c   Code   RO         2738    .ARM.Collect$$libinit$$00000012  c_w.l(libinit2.o)
    0x00000208   0x00000208   0x00000000   Code   RO         2739    .ARM.Collect$$libinit$$00000013  c_w.l(libinit2.o)
    0x00000208   0x00000208   0x00000000   Code   RO         2741    .ARM.Collect$$libinit$$00000015  c_w.l(libinit2.o)
    0x00000208   0x00000208   0x0000000a   Code   RO         2742    .ARM.Collect$$libinit$$00000016  c_w.l(libinit2.o)
    0x00000212   0x00000212   0x00000000   Code   RO         2743    .ARM.Collect$$libinit$$00000017  c_w.l(libinit2.o)
    0x00000212   0x00000212   0x00000000   Code   RO         2745    .ARM.Collect$$libinit$$00000019  c_w.l(libinit2.o)
    0x00000212   0x00000212   0x00000000   Code   RO         2747    .ARM.Collect$$libinit$$0000001B  c_w.l(libinit2.o)
    0x00000212   0x00000212   0x00000000   Code   RO         2749    .ARM.Collect$$libinit$$0000001D  c_w.l(libinit2.o)
    0x00000212   0x00000212   0x00000000   Code   RO         2751    .ARM.Collect$$libinit$$0000001F  c_w.l(libinit2.o)
    0x00000212   0x00000212   0x00000000   Code   RO         2753    .ARM.Collect$$libinit$$00000021  c_w.l(libinit2.o)
    0x00000212   0x00000212   0x00000000   Code   RO         2755    .ARM.Collect$$libinit$$00000023  c_w.l(libinit2.o)
    0x00000212   0x00000212   0x00000004   Code   RO         2756    .ARM.Collect$$libinit$$00000024  c_w.l(libinit2.o)
    0x00000216   0x00000216   0x00000000   Code   RO         2757    .ARM.Collect$$libinit$$00000025  c_w.l(libinit2.o)
    0x00000216   0x00000216   0x00000000   Code   RO         2761    .ARM.Collect$$libinit$$0000002C  c_w.l(libinit2.o)
    0x00000216   0x00000216   0x00000000   Code   RO         2763    .ARM.Collect$$libinit$$0000002E  c_w.l(libinit2.o)
    0x00000216   0x00000216   0x00000000   Code   RO         2765    .ARM.Collect$$libinit$$00000030  c_w.l(libinit2.o)
    0x00000216   0x00000216   0x00000000   Code   RO         2767    .ARM.Collect$$libinit$$00000032  c_w.l(libinit2.o)
    0x00000216   0x00000216   0x00000002   Code   RO         2768    .ARM.Collect$$libinit$$00000033  c_w.l(libinit2.o)
    0x00000218   0x00000218   0x00000000   Code   RO         2979    .ARM.Collect$$libshutdown$$00000004  c_w.l(libshutdown2.o)
    0x00000218   0x00000218   0x00000000   Code   RO         2698    .ARM.Collect$$rtentry$$00000000  c_w.l(__rtentry.o)
    0x00000218   0x00000218   0x00000000   Code   RO         2877    .ARM.Collect$$rtentry$$00000002  c_w.l(__rtentry2.o)
    0x00000218   0x00000218   0x00000006   Code   RO         2889    .ARM.Collect$$rtentry$$00000004  c_w.l(__rtentry4.o)
    0x0000021e   0x0000021e   0x00000000   Code   RO         2879    .ARM.Collect$$rtentry$$00000009  c_w.l(__rtentry2.o)
    0x0000021e   0x0000021e   0x00000004   Code   RO         2880    .ARM.Collect$$rtentry$$0000000A  c_w.l(__rtentry2.o)
    0x00000222   0x00000222   0x00000000   Code   RO         2882    .ARM.Collect$$rtentry$$0000000C  c_w.l(__rtentry2.o)
    0x00000222   0x00000222   0x00000008   Code   RO         2883    .ARM.Collect$$rtentry$$0000000D  c_w.l(__rtentry2.o)
    0x0000022a   0x0000022a   0x00000002   PAD
    0x0000022c   0x0000022c   0x00000034   Code   RO         2667    .emb_text           c_w.l(rand.o)
    0x00000260   0x00000260   0x00000000   Code   RO         3359    .emb_text           c_w.l(maybetermalloc1.o)
    0x00000260   0x00000260   0x00000078   Code   RO            1    .text               my_asm.o
    0x000002d8   0x000002d8   0x00000024   Code   RO         2557    .text               startup_LPC17xx.o
    0x000002fc   0x000002fc   0x00000004   Code   RO         2556    .ARM.__at_0x02FC    startup_LPC17xx.o
    0x00000300   0x00000300   0x000000ee   Code   RO         2598    .text               c_w.l(lludivv7m.o)
    0x000003ee   0x000003ee   0x00000002   PAD
    0x000003f0   0x000003f0   0x00000018   Code   RO         2600    .text               c_w.l(__2printf.o)
    0x00000408   0x00000408   0x0000002c   Code   RO         2602    .text               c_w.l(__2sprintf.o)
    0x00000434   0x00000434   0x00000052   Code   RO         2610    .text               c_w.l(_printf_str.o)
    0x00000486   0x00000486   0x00000002   PAD
    0x00000488   0x00000488   0x00000078   Code   RO         2612    .text               c_w.l(_printf_dec.o)
    0x00000500   0x00000500   0x00000094   Code   RO         2632    .text               c_w.l(_printf_hex_int_ll_ptr.o)
    0x00000594   0x00000594   0x00000188   Code   RO         2652    .text               c_w.l(__printf_flags_ss_wp.o)
    0x0000071c   0x0000071c   0x0000003c   Code   RO         2668    .text               c_w.l(rand.o)
    0x00000758   0x00000758   0x0000003e   Code   RO         2672    .text               c_w.l(strlen.o)
    0x00000796   0x00000796   0x00000096   Code   RO         2674    .text               c_w.l(strncmp.o)
    0x0000082c   0x0000082c   0x000000b2   Code   RO         2703    .text               c_w.l(_printf_intcommon.o)
    0x000008de   0x000008de   0x00000002   PAD
    0x000008e0   0x000008e0   0x00000030   Code   RO         2705    .text               c_w.l(_printf_char_common.o)
    0x00000910   0x00000910   0x0000000a   Code   RO         2707    .text               c_w.l(_sputc.o)
    0x0000091a   0x0000091a   0x0000002c   Code   RO         2709    .text               c_w.l(_printf_char.o)
    0x00000946   0x00000946   0x00000002   PAD
    0x00000948   0x00000948   0x00000024   Code   RO         2711    .text               c_w.l(_printf_char_file.o)
    0x0000096c   0x0000096c   0x00000138   Code   RO         2718    .text               c_w.l(initio.o)
    0x00000aa4   0x00000aa4   0x0000004e   Code   RO         2895    .text               c_w.l(h1_free.o)
    0x00000af2   0x00000af2   0x00000008   Code   RO         2951    .text               c_w.l(ferror.o)
    0x00000afa   0x00000afa   0x000001d6   Code   RO         2953    .text               c_w.l(flsbuf.o)
    0x00000cd0   0x00000cd0   0x00000046   Code   RO         2955    .text               c_w.l(setvbuf.o)
    0x00000d16   0x00000d16   0x00000002   PAD
    0x00000d18   0x00000d18   0x000000ec   Code   RO         2958    .text               c_w.l(fopen.o)
    0x00000e04   0x00000e04   0x0000004c   Code   RO         2960    .text               c_w.l(fclose.o)
    0x00000e50   0x00000e50   0x0000000e   Code   RO         2968    .text               c_w.l(defsig_rtred_outer.o)
    0x00000e5e   0x00000e5e   0x0000004e   Code   RO         2972    .text               c_w.l(rt_memclr_w.o)
    0x00000eac   0x00000eac   0x00000008   Code   RO         3102    .text               c_w.l(rt_heap_descriptor.o)
    0x00000eb4   0x00000eb4   0x00000004   Code   RO         3107    .text               c_w.l(hguard.o)
    0x00000eb8   0x00000eb8   0x0000008a   Code   RO         3109    .text               c_w.l(init_alloc.o)
    0x00000f42   0x00000f42   0x0000005e   Code   RO         3115    .text               c_w.l(h1_alloc.o)
    0x00000fa0   0x00000fa0   0x0000003c   Code   RO         3131    .text               c_w.l(sscanf.o)
    0x00000fdc   0x00000fdc   0x000000f8   Code   RO         3133    .text               c_w.l(fseek.o)
    0x000010d4   0x000010d4   0x000000f0   Code   RO         3135    .text               c_w.l(stdio.o)
    0x000011c4   0x000011c4   0x0000000a   Code   RO         3141    .text               c_w.l(defsig_exit.o)
    0x000011ce   0x000011ce   0x00000002   PAD
    0x000011d0   0x000011d0   0x00000034   Code   RO         3147    .text               c_w.l(defsig_rtred_inner.o)
    0x00001204   0x00001204   0x00000018   Code   RO         3149    .text               c_w.l(assert_stdio.o)
    0x0000121c   0x0000121c   0x00000080   Code   RO         3153    .text               c_w.l(strcmpv7m.o)
    0x0000129c   0x0000129c   0x0000000c   Code   RO         3352    .text               c_w.l(sys_exit.o)
    0x000012a8   0x000012a8   0x0000000e   Code   RO         3361    .text               c_w.l(h1_init.o)
    0x000012b6   0x000012b6   0x00000034   Code   RO         3363    .text               c_w.l(h1_extend.o)
    0x000012ea   0x000012ea   0x00000014   Code   RO         3369    .text               c_w.l(fprintf.o)
    0x000012fe   0x000012fe   0x00000002   PAD
    0x00001300   0x00001300   0x0000002c   Code   RO         3371    .text               c_w.l(sprintf.o)
    0x0000132c   0x0000132c   0x00000156   Code   RO         3373    .text               c_w.l(_scanf_longlong.o)
    0x00001482   0x00001482   0x0000014c   Code   RO         3375    .text               c_w.l(_scanf_int.o)
    0x000015ce   0x000015ce   0x000000e0   Code   RO         3377    .text               c_w.l(_scanf_str.o)
    0x000016ae   0x000016ae   0x00000002   PAD
    0x000016b0   0x000016b0   0x0000002c   Code   RO         3379    .text               c_w.l(scanf_char.o)
    0x000016dc   0x000016dc   0x00000040   Code   RO         3381    .text               c_w.l(_sgetc.o)
    0x0000171c   0x0000171c   0x00000114   Code   RO         3383    .text               c_w.l(_scanf_mbtowc.o)
    0x00001830   0x00001830   0x000000e8   Code   RO         3385    .text               c_w.l(_scanf_wctomb.o)
    0x00001918   0x00001918   0x000000d0   Code   RO         3387    .text               c_w.l(_scanf_wstr.o)
    0x000019e8   0x000019e8   0x00000064   Code   RO         3389    .text               c_w.l(fflush.o)
    0x00001a4c   0x00001a4c   0x00000022   Code   RO         3391    .text               c_w.l(fputs.o)
    0x00001a6e   0x00001a6e   0x00000042   Code   RO         3393    .text               c_w.l(ftell.o)
    0x00001ab0   0x00001ab0   0x00000032   Code   RO         3401    .text               c_w.l(defsig_general.o)
    0x00001ae2   0x00001ae2   0x0000000e   Code   RO         3405    .text               c_w.l(defsig_rtmem_outer.o)
    0x00001af0   0x00001af0   0x00000080   Code   RO         3413    .text               c_w.l(assert.o)
    0x00001b70   0x00001b70   0x00000050   Code   RO         3419    .text               c_w.l(heapauxa.o)
    0x00001bc0   0x00001bc0   0x00000004   Code   RO         3437    .text               cpprt_w.l(arm_bad_typeid_noexceptions.o)
    0x00001bc4   0x00001bc4   0x0000000e   Code   RO         3493    .text               c_w.l(sys_wrch.o)
    0x00001bd2   0x00001bd2   0x00000002   Code   RO         3495    .text               c_w.l(use_no_semi.o)
    0x00001bd4   0x00001bd4   0x00000000   Code   RO         3497    .text               c_w.l(indicate_semi.o)
    0x00001bd4   0x00001bd4   0x00000008   Code   RO         3503    .text               c_w.l(rt_errno_addr.o)
    0x00001bdc   0x00001bdc   0x00000016   Code   RO         3510    .text               c_w.l(_rserrno.o)
    0x00001bf2   0x00001bf2   0x00000012   Code   RO         3512    .text               c_w.l(isspace.o)
    0x00001c04   0x00001c04   0x0000004e   Code   RO         3514    .text               c_w.l(_printf_pad.o)
    0x00001c52   0x00001c52   0x00000024   Code   RO         3516    .text               c_w.l(_printf_truncate.o)
    0x00001c76   0x00001c76   0x00000028   Code   RO         3518    .text               c_w.l(_printf_charcount.o)
    0x00001c9e   0x00001c9e   0x00000002   PAD
    0x00001ca0   0x00001ca0   0x000000bc   Code   RO         3520    .text               c_w.l(_printf_wctomb.o)
    0x00001d5c   0x00001d5c   0x0000007c   Code   RO         3523    .text               c_w.l(_printf_longlong_dec.o)
    0x00001dd8   0x00001dd8   0x00000070   Code   RO         3529    .text               c_w.l(_printf_oct_int_ll.o)
    0x00001e48   0x00001e48   0x0000001c   Code   RO         3550    .text               c_w.l(_chval.o)
    0x00001e64   0x00001e64   0x00000374   Code   RO         3552    .text               c_w.l(_scanf.o)
    0x000021d8   0x000021d8   0x000004f8   Code   RO         3554    .text               c_w.l(scanf_fp.o)
    0x000026d0   0x000026d0   0x0000001e   Code   RO         3556    .text               c_w.l(_scanf_wcharmap.o)
    0x000026ee   0x000026ee   0x0000003c   Code   RO         3558    .text               c_w.l(_mbrtowc.o)
    0x0000272a   0x0000272a   0x00000040   Code   RO         3560    .text               c_w.l(_wcrtomb.o)
    0x0000276a   0x0000276a   0x00000016   Code   RO         3562    .text               c_w.l(abort.o)
    0x00002780   0x00002780   0x00000050   Code   RO         3564    .text               c_w.l(defsig_rtmem_inner.o)
    0x000027d0   0x000027d0   0x0000001a   Code   RO         3596    .text               cpprt_w.l(arm_exceptions_terminate.o)
    0x000027ea   0x000027ea   0x00000002   PAD
    0x000027ec   0x000027ec   0x00000050   Code   RO         3603    .text               cpprt_w.l(arm_exceptions_globs.o)
    0x0000283c   0x0000283c   0x00000010   Code   RO         3635    .text               c_w.l(rt_ctype_table.o)
    0x0000284c   0x0000284c   0x00000008   Code   RO         3637    .text               c_w.l(rt_locale.o)
    0x00002854   0x00002854   0x00000008   Code   RO         3642    .text               c_w.l(rt_eh_globals_addr.o)
    0x0000285c   0x0000285c   0x0000008a   Code   RO         3651    .text               c_w.l(lludiv10.o)
    0x000028e6   0x000028e6   0x0000041e   Code   RO         3653    .text               c_w.l(_printf_fp_dec.o)
    0x00002d04   0x00002d04   0x000002fc   Code   RO         3655    .text               c_w.l(_printf_fp_hex.o)
    0x00003000   0x00003000   0x0000002c   Code   RO         3658    .text               c_w.l(_printf_wchar.o)
    0x0000302c   0x0000302c   0x000000e4   Code   RO         3660    .text               c_w.l(bigflt0.o)
    0x00003110   0x00003110   0x00000030   Code   RO         3688    .text               c_w.l(defsig_abrt_inner.o)
    0x00003140   0x00003140   0x0000000e   Code   RO         3690    .text               c_w.l(defsig_abrt_outer.o)
    0x0000314e   0x0000314e   0x0000003c   Code   RO         3715    .text               cpprt_w.l(arm_exceptions_mem.o)
    0x0000318a   0x0000318a   0x00000002   PAD
    0x0000318c   0x0000318c   0x00000080   Code   RO         3743    .text               c_w.l(_printf_fp_infnan.o)
    0x0000320c   0x0000320c   0x00000320   Code   RO         3745    .text               c_w.l(scanf_hexfp.o)
    0x0000352c   0x0000352c   0x00000134   Code   RO         3747    .text               c_w.l(scanf_infnan.o)
    0x00003660   0x00003660   0x00000026   Code   RO         3771    .text               c_w.l(llshl.o)
    0x00003686   0x00003686   0x0000003e   Code   RO         3663    CL$$btod_d2e        c_w.l(btod.o)
    0x000036c4   0x000036c4   0x00000046   Code   RO         3665    CL$$btod_d2e_denorm_low  c_w.l(btod.o)
    0x0000370a   0x0000370a   0x00000060   Code   RO         3664    CL$$btod_d2e_norm_op1  c_w.l(btod.o)
    0x0000376a   0x0000376a   0x00000338   Code   RO         3673    CL$$btod_div_common  c_w.l(btod.o)
    0x00003aa2   0x00003aa2   0x00000002   PAD
    0x00003aa4   0x00003aa4   0x00000084   Code   RO         3671    CL$$btod_e2d        c_w.l(btod.o)
    0x00003b28   0x00003b28   0x000000dc   Code   RO         3670    CL$$btod_e2e        c_w.l(btod.o)
    0x00003c04   0x00003c04   0x0000002a   Code   RO         3667    CL$$btod_ediv       c_w.l(btod.o)
    0x00003c2e   0x00003c2e   0x0000002a   Code   RO         3669    CL$$btod_edivd      c_w.l(btod.o)
    0x00003c58   0x00003c58   0x0000002a   Code   RO         3666    CL$$btod_emul       c_w.l(btod.o)
    0x00003c82   0x00003c82   0x0000002a   Code   RO         3668    CL$$btod_emuld      c_w.l(btod.o)
    0x00003cac   0x00003cac   0x00000244   Code   RO         3672    CL$$btod_mult_common  c_w.l(btod.o)
    0x00003ef0   0x00003ef0   0x00000068   Code   RO         1926    i.EINT3_IRQHandler  basic_rf.o
    0x00003f58   0x00003f58   0x00000078   Code   RO         2560    i.SystemInit        system_LPC17xx.o
    0x00003fd0   0x00003fd0   0x0000001c   Code   RO          744    i.TIMER0_IRQHandler  nrk_timer.o
    0x00003fec   0x00003fec   0x00000018   Code   RO          745    i.TIMER1_IRQHandler  nrk_timer.o
    0x00004004   0x00004004   0x0000001c   Code   RO         1774    i._Z10mrf_cs_seth   mrf24j40.o
    0x00004020   0x00004020   0x00000020   Code   RO          289    i._Z11GPIO_SetDirhjh  ulib.o
    0x00004040   0x00004040   0x00000018   Code   RO          290    i._Z11GPIO_Togglehj  ulib.o
    0x00004058   0x00004058   0x00000044   Code   RO         2212    i._Z11bmac_tx_pktPch  bmac.o
    0x0000409c   0x0000409c   0x00000028   Code   RO          294    i._Z11set_PinFunchhh  ulib.o
    0x000040c4   0x000040c4   0x0000006c   Code   RO         2214    i._Z12bmac_nw_taskv  bmac.o
    0x00004130   0x00004130   0x0000000c   Code   RO         2215    i._Z12bmac_startedv  bmac.o
    0x0000413c   0x0000413c   0x00000028   Code   RO         1775    i._Z12mrf_set_addrt  mrf24j40.o
    0x00004164   0x00004164   0x000000b4   Code   RO         1776    i._Z12mrf_spi_inithhi  mrf24j40.o
    0x00004218   0x00004218   0x00000184   Code   RO          951    i._Z12nrk_TCB_initP9task_typePjS1_tPvt  nrk.o
    0x0000439c   0x0000439c   0x0000000a   Code   RO         1929    i._Z12rf_data_modev  basic_rf.o
    0x000043a6   0x000043a6   0x00000002   PAD
    0x000043a8   0x000043a8   0x00000018   Code   RO         1930    i._Z12rf_rx_packetv  basic_rf.o
    0x000043c0   0x000043c0   0x0000000a   Code   RO         1931    i._Z12rf_test_modev  basic_rf.o
    0x000043ca   0x000043ca   0x00000002   PAD
    0x000043cc   0x000043cc   0x00000188   Code   RO         1932    i._Z12rf_tx_packetP10RF_TX_INFO  basic_rf.o
    0x00004554   0x00004554   0x00000048   Code   RO          300    i._Z12setupSPIPinsv  ulib.o
    0x0000459c   0x0000459c   0x00000060   Code   RO         1778    i._Z13mrf_gpio_initv  mrf24j40.o
    0x000045fc   0x000045fc   0x00000054   Code   RO         1779    i._Z13mrf_read_longt  mrf24j40.o
    0x00004650   0x00004650   0x0000001c   Code   RO         1780    i._Z13mrf_reset_seth  mrf24j40.o
    0x0000466c   0x0000466c   0x00000030   Code   RO         1781    i._Z13mrf_set_panidt  mrf24j40.o
    0x0000469c   0x0000469c   0x0000001c   Code   RO         1782    i._Z13mrf_spi_writet  mrf24j40.o
    0x000046b8   0x000046b8   0x00000018   Code   RO         1197    i._Z13nrk_error_addh  nrk_error.o
    0x000046d0   0x000046d0   0x00000020   Code   RO         1394    i._Z13nrk_idle_taskv  nrk_idle_task.o
    0x000046f0   0x000046f0   0x00000022   Code   RO         1933    i._Z13rf_carrier_onv  basic_rf.o
    0x00004712   0x00004712   0x00000016   Code   RO          746    i._Z14NVIC_EnableIRQ4IRQn  nrk_timer.o
    0x00004728   0x00004728   0x0000000c   Code   RO         1199    i._Z14_nrk_errno_seth  nrk_error.o
    0x00004734   0x00004734   0x00000294   Code   RO         1413    i._Z14_nrk_schedulerv  nrk_scheduler.o
    0x000049c8   0x000049c8   0x00000010   Code   RO         2503    i._Z14mrfIsrCallbackv  main.o
    0x000049d8   0x000049d8   0x00000046   Code   RO         1784    i._Z14mrf_read_shorth  mrf24j40.o
    0x00004a1e   0x00004a1e   0x00000058   Code   RO         1785    i._Z14mrf_write_longth  mrf24j40.o
    0x00004a76   0x00004a76   0x00000002   PAD
    0x00004a78   0x00004a78   0x0000003c   Code   RO         1290    i._Z14nrk_event_waitj  nrk_events.o
    0x00004ab4   0x00004ab4   0x00000004   Code   RO          952    i._Z14nrk_int_enablev  nrk.o
    0x00004ab8   0x00004ab8   0x0000002c   Code   RO          305    i._Z14nrk_led_togglei  ulib.o
    0x00004ae4   0x00004ae4   0x00000022   Code   RO         1935    i._Z14rf_carrier_offv  basic_rf.o
    0x00004b06   0x00004b06   0x00000018   Code   RO         1938    i._Z14rf_set_rx_modeh  basic_rf.o
    0x00004b1e   0x00004b1e   0x00000046   Code   RO          307    i._Z14setup_uartPinsv  ulib.o
    0x00004b64   0x00004b64   0x00000014   Code   RO          308    i._Z15GPIO_ClearValuehj  ulib.o
    0x00004b78   0x00004b78   0x00000034   Code   RO          309    i._Z15GPIO_GetPointerh  ulib.o
    0x00004bac   0x00004bac   0x00000028   Code   RO         2216    i._Z15bmac_rx_pkt_getPhS_  bmac.o
    0x00004bd4   0x00004bd4   0x00000048   Code   RO         1786    i._Z15mrf_write_shorthh  mrf24j40.o
    0x00004c1c   0x00004c1c   0x00000042   Code   RO          310    i._Z15nrk_gpio_togglej  ulib.o
    0x00004c5e   0x00004c5e   0x00000004   Code   RO          953    i._Z15nrk_int_disablev  nrk.o
    0x00004c62   0x00004c62   0x00000004   Code   RO          311    i._Z15nrk_setup_portsv  ulib.o
    0x00004c66   0x00004c66   0x00000002   Code   RO         1439    i._Z15nrk_stack_checkv  nrk_stack_check.o
    0x00004c68   0x00004c68   0x0000001c   Code   RO         1939    i._Z15rf_rx_check_ccav  basic_rf.o
    0x00004c84   0x00004c84   0x00000026   Code   RO          312    i._Z16PINSEL_ConfigPinP15PINSEL_CFG_Type  ulib.o
    0x00004caa   0x00004caa   0x00000002   PAD
    0x00004cac   0x00004cac   0x00000098   Code   RO          747    i._Z16_nrk_setup_timerv  nrk_timer.o
    0x00004d44   0x00004d44   0x00000048   Code   RO         2218    i._Z16bmac_task_configv  bmac.o
    0x00004d8c   0x00004d8c   0x00000038   Code   RO         1787    i._Z16mrf_gpioint_initv  mrf24j40.o
    0x00004dc4   0x00004dc4   0x00000088   Code   RO         1293    i._Z16nrk_event_signala  nrk_events.o
    0x00004e4c   0x00004e4c   0x00000004   Code   RO          748    i._Z16nrk_spin_wait_usj  nrk_timer.o
    0x00004e50   0x00004e50   0x0000000a   Code   RO          572    i._Z16nrk_target_startv  nrk_cpu.o
    0x00004e5a   0x00004e5a   0x0000001e   Code   RO          573    i._Z16nrk_task_set_stkP9task_typePjt  nrk_cpu.o
    0x00004e78   0x00004e78   0x00000028   Code   RO         1942    i._Z16rf_polling_rx_onv  basic_rf.o
    0x00004ea0   0x00004ea0   0x00000028   Code   RO          314    i._Z16set_ResistorModehhh  ulib.o
    0x00004ec8   0x00004ec8   0x0000000a   Code   RO          749    i._Z17_nrk_os_timer_getv  nrk_timer.o
    0x00004ed2   0x00004ed2   0x00000002   PAD
    0x00004ed4   0x00004ed4   0x00000074   Code   RO         1484    i._Z17nrk_activate_taskP9task_type  nrk_task.o
    0x00004f48   0x00004f48   0x000000b8   Code   RO         1485    i._Z17nrk_add_to_readyQa  nrk_task.o
    0x00005000   0x00005000   0x00000030   Code   RO         1294    i._Z17nrk_signal_createv  nrk_events.o
    0x00005030   0x00005030   0x00000080   Code   RO          574    i._Z17nrk_task_stk_initPFvvEPjS1_  nrk_cpu.o
    0x000050b0   0x000050b0   0x00000044   Code   RO         1486    i._Z17nrk_wait_until_nwv  nrk_task.o
    0x000050f4   0x000050f4   0x0000002c   Code   RO         1946    i._Z17rf_set_cca_thresha  basic_rf.o
    0x00005120   0x00005120   0x00000024   Code   RO          316    i._Z17set_OpenDrainModehhh  ulib.o
    0x00005144   0x00005144   0x00000040   Code   RO         1605    i._Z18_nrk_time_to_ticksP10nrk_time_t  nrk_time.o
    0x00005184   0x00005184   0x00000080   Code   RO         2504    i._Z18nrk_create_tasksetv  main.o
    0x00005204   0x00005204   0x00000020   Code   RO         1948    i._Z18rf_auto_ack_enablev  basic_rf.o
    0x00005224   0x00005224   0x000000b0   Code   RO         1949    i._Z18rf_parse_rx_packetv  basic_rf.o
    0x000052d4   0x000052d4   0x00000020   Code   RO         2221    i._Z19_bmac_channel_checkv  bmac.o
    0x000052f4   0x000052f4   0x00000010   Code   RO          754    i._Z19_nrk_os_timer_resetv  nrk_timer.o
    0x00005304   0x00005304   0x0000000e   Code   RO          755    i._Z19_nrk_os_timer_startv  nrk_timer.o
    0x00005312   0x00005312   0x00000002   PAD
    0x00005314   0x00005314   0x0000000c   Code   RO         2222    i._Z19bmac_rx_pkt_releasev  bmac.o
    0x00005320   0x00005320   0x0000000a   Code   RO         2224    i._Z19bmac_set_cca_thresha  bmac.o
    0x0000532a   0x0000532a   0x00000002   PAD
    0x0000532c   0x0000532c   0x00000054   Code   RO         1488    i._Z19nrk_rem_from_readyQa  nrk_task.o
    0x00005380   0x00005380   0x00000028   Code   RO         1296    i._Z19nrk_signal_registera  nrk_events.o
    0x000053a8   0x000053a8   0x00000020   Code   RO         1951    i._Z19rf_auto_ack_disablev  basic_rf.o
    0x000053c8   0x000053c8   0x0000000a   Code   RO          758    i._Z20_nrk_get_next_wakeupv  nrk_timer.o
    0x000053d2   0x000053d2   0x00000008   Code   RO          759    i._Z20_nrk_set_next_wakeuph  nrk_timer.o
    0x000053da   0x000053da   0x00000002   PAD
    0x000053dc   0x000053dc   0x0000000c   Code   RO         1201    i._Z20nrk_kernel_error_addhh  nrk_error.o
    0x000053e8   0x000053e8   0x00000044   Code   RO         1490    i._Z20nrk_wait_until_tickst  nrk_task.o
    0x0000542c   0x0000542c   0x0000000a   Code   RO         2228    i._Z21bmac_auto_ack_disablev  bmac.o
    0x00005436   0x00005436   0x00000002   PAD
    0x00005438   0x00005438   0x00000020   Code   RO         2231    i._Z22bmac_rx_pkt_set_bufferPch  bmac.o
    0x00005458   0x00005458   0x00000020   Code   RO         2232    i._Z22bmac_set_rx_check_rate10nrk_time_t  bmac.o
    0x00005478   0x00005478   0x00000034   Code   RO         2233    i._Z22bmac_wait_until_rx_pktv  bmac.o
    0x000054ac   0x000054ac   0x00000078   Code   RO          575    i._Z22nrk_stack_pointer_initv  nrk_cpu.o
    0x00005524   0x00005524   0x00000016   Code   RO         1956    i._Z22rf_addr_decode_disablev  basic_rf.o
    0x0000553a   0x0000553a   0x00000002   PAD
    0x0000553c   0x0000553c   0x00000014   Code   RO         1588    i._Z23_nrk_wait_for_schedulerv  nrk_task.o
    0x00005550   0x00005550   0x00000018   Code   RO         2237    i._Z23bmac_get_tx_done_signalv  bmac.o
    0x00005568   0x00005568   0x00000014   Code   RO          761    i._Z25_nrk_high_speed_timer_getv  nrk_timer.o
    0x0000557c   0x0000557c   0x0000000c   Code   RO         2241    i._Z25bmac_addr_decode_dest_mact  bmac.o
    0x00005588   0x00005588   0x00000032   Code   RO          762    i._Z25nrk_high_speed_timer_waittt  nrk_timer.o
    0x000055ba   0x000055ba   0x00000002   PAD
    0x000055bc   0x000055bc   0x00000070   Code   RO          576    i._Z25nrk_stack_pointer_restorev  nrk_cpu.o
    0x0000562c   0x0000562c   0x0000000c   Code   RO         1491    i._Z26nrk_get_high_ready_task_IDv  nrk_task.o
    0x00005638   0x00005638   0x00000044   Code   RO         1492    i._Z26nrk_wait_until_next_periodv  nrk_task.o
    0x0000567c   0x0000567c   0x00000018   Code   RO          764    i._Z27_nrk_high_speed_timer_resetv  nrk_timer.o
    0x00005694   0x00005694   0x00000004   Code   RO          577    i._Z27nrk_task_set_entry_functionP9task_typePFvvE  nrk_cpu.o
    0x00005698   0x00005698   0x0000004c   Code   RO         1493    i._Z29nrk_wait_until_next_n_periodst  nrk_task.o
    0x000056e4   0x000056e4   0x00000024   Code   RO         2246    i._Z6_b_powh        bmac.o
    0x00005708   0x00005708   0x000000a0   Code   RO          326    i._Z7initLEDv       ulib.o
    0x000057a8   0x000057a8   0x00000058   Code   RO         1961    i._Z7rf_initP10RF_RX_INFOhtt  basic_rf.o
    0x00005800   0x00005800   0x000000d4   Code   RO         2505    i._Z7rx_taskv       main.o
    0x000058d4   0x000058d4   0x000000c4   Code   RO         2506    i._Z7tx_taskv       main.o
    0x00005998   0x00005998   0x0000006c   Code   RO         2247    i._Z8_bmac_rxv      bmac.o
    0x00005a04   0x00005a04   0x000000dc   Code   RO         2248    i._Z8_bmac_txv      bmac.o
    0x00005ae0   0x00005ae0   0x0000002c   Code   RO         1788    i._Z8mrf_inith      mrf24j40.o
    0x00005b0c   0x00005b0c   0x0000002a   Code   RO         1789    i._Z8mrf_rssiv      mrf24j40.o
    0x00005b36   0x00005b36   0x00000002   PAD
    0x00005b38   0x00005b38   0x000000ac   Code   RO          955    i._Z8nrk_initv      nrk.o
    0x00005be4   0x00005be4   0x00000054   Code   RO         1494    i._Z8nrk_wait10nrk_time_t  nrk_task.o
    0x00005c38   0x00005c38   0x00000020   Code   RO         1962    i._Z8rf_rx_onv      basic_rf.o
    0x00005c58   0x00005c58   0x00000016   Code   RO          327    i._Z9PORT_INITv     ulib.o
    0x00005c6e   0x00005c6e   0x00000002   PAD
    0x00005c70   0x00005c70   0x00000074   Code   RO         2249    i._Z9bmac_inith     bmac.o
    0x00005ce4   0x00005ce4   0x0000009c   Code   RO          329    i._Z9initDEBUGv     ulib.o
    0x00005d80   0x00005d80   0x000000bc   Code   RO         1791    i._Z9mrf_reseth     mrf24j40.o
    0x00005e3c   0x00005e3c   0x00000088   Code   RO          956    i._Z9nrk_startv     nrk.o
    0x00005ec4   0x00005ec4   0x00000020   Code   RO         1963    i._Z9rf_rx_offv     basic_rf.o
    0x00005ee4   0x00005ee4   0x00000046   Code   RO         3171    i._ZN27_INTERNAL_6_rtti_c_066a44b012tbc_downcastEPvPKSt9type_infoP28a_base_class_traversal_blockPN10__cxxabiv122__base_class_type_infoE  cpprt_w.l(rtti.o)
    0x00005f2a   0x00005f2a   0x00000016   Code   RO         3172    i._ZN27_INTERNAL_6_rtti_c_066a44b017tbc_post_downcastEPvPKSt9type_infoP28a_base_class_traversal_blockPN10__cxxabiv122__base_class_type_infoE  cpprt_w.l(rtti.o)
    0x00005f40   0x00005f40   0x000000a4   Code   RO         3173    i._ZN27_INTERNAL_6_rtti_c_066a44b021traverse_base_classesEPvPKSt9type_infoP28a_base_class_traversal_blockPN10__cxxabiv122__base_class_type_infoE  cpprt_w.l(rtti.o)
    0x00005fe4   0x00005fe4   0x000000c0   Code   RO         3174    i._ZN27_INTERNAL_6_rtti_c_066a44b023find_base_class_at_addrEPvS0_PKSt9type_infoS3_Pi  cpprt_w.l(rtti.o)
    0x000060a4   0x000060a4   0x0000000e   Code   RO         3175    i._ZN27_INTERNAL_6_rtti_c_066a44b024get_virtual_base_pointerEPvPN10__cxxabiv122__base_class_type_infoE  cpprt_w.l(rtti.o)
    0x000060b2   0x000060b2   0x00000002   PAD
    0x000060b4   0x000060b4   0x000001e4   Code   RO         3176    i._ZN27_INTERNAL_6_rtti_c_066a44b028derived_to_base_conversion_rEPvPS0_PKSt9type_infoS4_jPiiPS4_P19a_result_virtualityS5_  cpprt_w.l(rtti.o)
    0x00006298   0x00006298   0x00000030   Code   RO         3025    i._ZN4mbed4Base5clearEPKcPc  mbed.ar(Base.cpp.lpc1768.arm.o)
    0x000062c8   0x000062c8   0x00000038   Code   RO         3026    i._ZN4mbed4Base6lookupEPKcj  mbed.ar(Base.cpp.lpc1768.arm.o)
    0x00006300   0x00006300   0x00000040   Code   RO         3029    i._ZN4mbed4Base9list_objsEPKcPc  mbed.ar(Base.cpp.lpc1768.arm.o)
    0x00006340   0x00006340   0x00000020   Code   RO         3450    i._ZNKSt9type_infoeqERKS_  cpprt_w.l(type_info_eq.o)
    0x00006360   0x00006360   0x00000008   Code   RO         3426    i._ZdaPv            cpprt_w.l(array_del.o)
    0x00006368   0x00006368   0x00000008   Code   RO         3165    i._ZdlPv            cpprt_w.l(delete.o)
    0x00006370   0x00006370   0x00000020   Code   RO         3199    i.__ARM_common_get_typeid  cpprt_w.l(rtti.o)
    0x00006390   0x00006390   0x00000028   Code   RO         3765    i.__ARM_fpclassify  m_ws.l(fpclassify.o)
    0x000063b8   0x000063b8   0x00000070   Code   RO         3177    i.__derived_to_base_conversion  cpprt_w.l(rtti.o)
    0x00006428   0x00006428   0x000000b4   Code   RO         3178    i.__dynamic_cast    cpprt_w.l(rtti.o)
    0x000064dc   0x000064dc   0x0000000e   Code   RO         3799    i.__mathlib_dbl_overflow  m_ws.l(dunder.o)
    0x000064ea   0x000064ea   0x00000002   PAD
    0x000064ec   0x000064ec   0x00000010   Code   RO         3801    i.__mathlib_dbl_underflow  m_ws.l(dunder.o)
    0x000064fc   0x000064fc   0x0000000a   Code   RO         3625    i.__mathlib_flt_overflow  m_ws.l(funder.o)
    0x00006506   0x00006506   0x0000000a   Code   RO         3627    i.__mathlib_flt_underflow  m_ws.l(funder.o)
    0x00006510   0x00006510   0x00000010   Code   RO         3737    i.__mathlib_narrow  m_ws.l(narrow.o)
    0x00006520   0x00006520   0x000000bc   Code   RO         3738    i.__mathlib_tofloat  m_ws.l(narrow.o)
    0x000065dc   0x000065dc   0x00000016   Code   RO         3782    i.__support_ldexp   m_ws.l(ldexp.o)
    0x000065f2   0x000065f2   0x00000002   PAD
    0x000065f4   0x000065f4   0x0000000c   Code   RO         2564    i.__user_setup_stackheap  stackheap.o
    0x00006600   0x00006600   0x0000000e   Code   RO         2645    i._is_digit         c_w.l(__printf_wp.o)
    0x0000660e   0x0000660e   0x00000004   Code   RO          957    i._nrk_timer_tick   nrk.o
    0x00006612   0x00006612   0x00000002   PAD
    0x00006614   0x00006614   0x0000002c   Code   RO         2780    i._sys_close        mbed.ar(stdio.cpp.lpc1768.arm.o)
    0x00006640   0x00006640   0x00000028   Code   RO         2783    i._sys_flen         mbed.ar(stdio.cpp.lpc1768.arm.o)
    0x00006668   0x00006668   0x00000028   Code   RO         2784    i._sys_istty        mbed.ar(stdio.cpp.lpc1768.arm.o)
    0x00006690   0x00006690   0x00000184   Code   RO         2785    i._sys_open         mbed.ar(stdio.cpp.lpc1768.arm.o)
    0x00006814   0x00006814   0x0000002c   Code   RO         2787    i._sys_seek         mbed.ar(stdio.cpp.lpc1768.arm.o)
    0x00006840   0x00006840   0x00000054   Code   RO         2788    i._sys_write        mbed.ar(stdio.cpp.lpc1768.arm.o)
    0x00006894   0x00006894   0x00000016   Code   RO         3017    i.exit              capi.ar(exit.c.lpc1768.arm.o)
    0x000068aa   0x000068aa   0x0000001a   Code   RO         2715    i.fputc             c_w.l(fputc.o)
    0x000068c4   0x000068c4   0x00000058   Code   RO         3768    i.frexp             m_ws.l(frexp.o)
    0x0000691c   0x0000691c   0x00000030   Code   RO         3485    i.gpio_output       capi.ar(gpio_api.c.lpc1768.arm.o)
    0x0000694c   0x0000694c   0x00000018   Code   RO         3487    i.gpio_write        capi.ar(gpio_api.c.lpc1768.arm.o)
    0x00006964   0x00006964   0x00000074   Code   RO         3783    i.ldexp             m_ws.l(ldexp.o)
    0x000069d8   0x000069d8   0x0000001a   Code   RO         2507    i.main              main.o
    0x000069f2   0x000069f2   0x00000002   PAD
    0x000069f4   0x000069f4   0x00000078   Code   RO         3308    i.mbed_die          capi.ar(utils_api.c.lpc1768.arm.o)
    0x00006a6c   0x00006a6c   0x00000038   Code   RO         3342    i.pin_function      capi.ar(pinmap.c.lpc1768.arm.o)
    0x00006aa4   0x00006aa4   0x00000038   Code   RO         3343    i.pin_mode          capi.ar(pinmap.c.lpc1768.arm.o)
    0x00006adc   0x00006adc   0x0000003c   Code   RO         3344    i.pinmap_merge      capi.ar(pinmap.c.lpc1768.arm.o)
    0x00006b18   0x00006b18   0x00000058   Code   RO         3345    i.pinmap_peripheral  capi.ar(pinmap.c.lpc1768.arm.o)
    0x00006b70   0x00006b70   0x000000a4   Code   RO         3346    i.pinmap_pinout     capi.ar(pinmap.c.lpc1768.arm.o)
    0x00006c14   0x00006c14   0x00000054   Code   RO         3476    i.scalbnf           m_ws.l(scalbnf.o)
    0x00006c68   0x00006c68   0x0000000c   Code   RO         3318    i.semihost_exit     capi.ar(semihost_api.c.lpc1768.arm.o)
    0x00006c74   0x00006c74   0x00000100   Code   RO         2996    i.serial_baud       capi.ar(serial_api.c.lpc1768.arm.o)
    0x00006d74   0x00006d74   0x00000094   Code   RO         2998    i.serial_format     capi.ar(serial_api.c.lpc1768.arm.o)
    0x00006e08   0x00006e08   0x000000e4   Code   RO         3001    i.serial_init       capi.ar(serial_api.c.lpc1768.arm.o)
    0x00006eec   0x00006eec   0x0000000c   Code   RO         3003    i.serial_putc       capi.ar(serial_api.c.lpc1768.arm.o)
    0x00006ef8   0x00006ef8   0x00000014   Code   RO         2583    i.timer_frequency   capi.ar(timer_api.c.lpc1768.arm.o)
    0x00006f0c   0x00006f0c   0x00000070   Code   RO         2584    i.timer_init        capi.ar(timer_api.c.lpc1768.arm.o)
    0x00006f7c   0x00006f7c   0x00000004   Code   RO         2585    i.timer_read        capi.ar(timer_api.c.lpc1768.arm.o)
    0x00006f80   0x00006f80   0x0000000c   Code   RO         2586    i.timer_start       capi.ar(timer_api.c.lpc1768.arm.o)
    0x00006f8c   0x00006f8c   0x00000038   Code   RO         2579    i.us_ticker_read    capi.ar(us_ticker_api.c.lpc1768.arm.o)
    0x00006fc4   0x00006fc4   0x0000001c   Code   RO         2574    i.wait_ms           capi.ar(wait_api.c.lpc1768.arm.o)
    0x00006fe0   0x00006fe0   0x00000016   Code   RO         2575    i.wait_us           capi.ar(wait_api.c.lpc1768.arm.o)
    0x00006ff6   0x00006ff6   0x00000002   PAD
    0x00006ff8   0x00006ff8   0x0000002c   Code   RO         3686    locale$$code        c_w.l(lc_numeric_c.o)
    0x00007024   0x00007024   0x0000002c   Code   RO         3750    locale$$code        c_w.l(lc_ctype_c.o)
    0x00007050   0x00007050   0x00000062   Code   RO         3757    x$fpl$d2f           fz_ws.l(d2f.o)
    0x000070b2   0x000070b2   0x00000002   PAD
    0x000070b4   0x000070b4   0x00000010   Code   RO         3793    x$fpl$dcheck1       fz_ws.l(dcheck1.o)
    0x000070c4   0x000070c4   0x00000018   Code   RO         3773    x$fpl$dcmpinf       fz_ws.l(dcmpi.o)
    0x000070dc   0x000070dc   0x00000078   Code   RO         3759    x$fpl$deqf          fz_ws.l(deqf.o)
    0x00007154   0x00007154   0x00000078   Code   RO         3775    x$fpl$dleqf         fz_ws.l(dleqf.o)
    0x000071cc   0x000071cc   0x0000009c   Code   RO         2769    x$fpl$dnaninf       fz_ws.l(dnaninf.o)
    0x00007268   0x00007268   0x0000006c   Code   RO         3761    x$fpl$drleqf        fz_ws.l(drleqf.o)
    0x000072d4   0x000072d4   0x000000c4   Code   RO         3459    x$fpl$fadd          fz_ws.l(faddsub_clz.o)
    0x00007398   0x00007398   0x0000000c   Code   RO         3725    x$fpl$fcheck1       fz_ws.l(fcheck1.o)
    0x000073a4   0x000073a4   0x00000184   Code   RO         3466    x$fpl$fdiv          fz_ws.l(fdiv.o)
    0x00007528   0x00007528   0x00000036   Code   RO         3469    x$fpl$ffix          fz_ws.l(ffix.o)
    0x0000755e   0x0000755e   0x00000002   PAD
    0x00007560   0x00007560   0x00000030   Code   RO         2691    x$fpl$fflt          fz_ws.l(fflt_clz.o)
    0x00007590   0x00007590   0x00000026   Code   RO         2690    x$fpl$ffltu         fz_ws.l(fflt_clz.o)
    0x000075b6   0x000075b6   0x00000002   PAD
    0x000075b8   0x000075b8   0x00000102   Code   RO         2696    x$fpl$fmul          fz_ws.l(fmul.o)
    0x000076ba   0x000076ba   0x0000008c   Code   RO         2773    x$fpl$fnaninf       fz_ws.l(fnaninf.o)
    0x00007746   0x00007746   0x0000000a   Code   RO         2775    x$fpl$fretinf       fz_ws.l(fretinf.o)
    0x00007750   0x00007750   0x000000ea   Code   RO         3461    x$fpl$fsub          fz_ws.l(faddsub_clz.o)
    0x0000783a   0x0000783a   0x00000006   Code   RO         3609    x$fpl$ieeestatus    fz_ws.l(istatus.o)
    0x00007840   0x00007840   0x00000004   Code   RO         3611    x$fpl$printf1       fz_ws.l(printf1.o)
    0x00007844   0x00007844   0x00000004   Code   RO         3613    x$fpl$printf2       fz_ws.l(printf2.o)
    0x00007848   0x00007848   0x00000064   Code   RO         3763    x$fpl$retnan        fz_ws.l(retnan.o)
    0x000078ac   0x000078ac   0x0000005c   Code   RO         3777    x$fpl$scalbn        fz_ws.l(scalbn.o)
    0x00007908   0x00007908   0x0000004c   Code   RO         3619    x$fpl$scalbnf       fz_ws.l(scalbnf.o)
    0x00007954   0x00007954   0x00000004   Code   RO         3473    x$fpl$scanf1        fz_ws.l(scanf1.o)
    0x00007958   0x00007958   0x00000008   Code   RO         3731    x$fpl$scanf2        fz_ws.l(scanf2.o)
    0x00007960   0x00007960   0x00000030   Code   RO         3779    x$fpl$trapveneer    fz_ws.l(trapv.o)
    0x00007990   0x00007990   0x00000000   Code   RO         2777    x$fpl$usenofp       fz_ws.l(usenofp.o)
    0x00007990   0x00007990   0x00000028   Data   RO         2633    .constdata          c_w.l(_printf_hex_int_ll_ptr.o)
    0x000079b8   0x000079b8   0x00000011   Data   RO         2653    .constdata          c_w.l(__printf_flags_ss_wp.o)
    0x000079c9   0x000079c9   0x00000017   Data   RO         2839    .constdata          mbed.ar(stdio.cpp.lpc1768.arm.o)
    0x000079e0   0x000079e0   0x00000154   Data   RO         3006    .constdata          capi.ar(serial_api.c.lpc1768.arm.o)
    0x00007b34   0x00007b34   0x00000018   Data   RO         3052    .constdata          mbed.ar(Base.cpp.lpc1768.arm.o)
    0x00007b4c   0x00007b4c   0x00000008   Data   RO         3521    .constdata          c_w.l(_printf_wctomb.o)
    0x00007b54   0x00007b54   0x00000026   Data   RO         3656    .constdata          c_w.l(_printf_fp_hex.o)
    0x00007b7a   0x00007b7a   0x00000002   PAD
    0x00007b7c   0x00007b7c   0x00000094   Data   RO         3661    .constdata          c_w.l(bigflt0.o)
    0x00007c10   0x00007c10   0x0000000c   Data   RO         3289    .constdata__ZTIN10__cxxabiv117__class_type_infoE  cpprt_w.l(lib_rtti_impl.o)
    0x00007c1c   0x00007c1c   0x0000000c   Data   RO         3290    .constdata__ZTIN10__cxxabiv120__si_class_type_infoE  cpprt_w.l(lib_rtti_impl.o)
    0x00007c28   0x00007c28   0x0000000c   Data   RO         3291    .constdata__ZTIN10__cxxabiv121__vmi_class_type_infoE  cpprt_w.l(lib_rtti_impl.o)
    0x00007c34   0x00007c34   0x00000008   Data   RO         2870    .constdata__ZTIN4mbed10FileHandleE  mbed.ar(stdio.cpp.lpc1768.arm.o)
    0x00007c3c   0x00007c3c   0x0000000c   Data   RO         2869    .constdata__ZTIN4mbed14FileSystemLikeE  mbed.ar(stdio.cpp.lpc1768.arm.o)
    0x00007c48   0x00007c48   0x00000008   Data   RO         3077    .constdata__ZTIN4mbed4BaseE  mbed.ar(Base.cpp.lpc1768.arm.o)
    0x00007c50   0x00007c50   0x00000020   Data   RO         2868    .constdata__ZTIN4mbed8FileLikeE  mbed.ar(stdio.cpp.lpc1768.arm.o)
    0x00007c70   0x00007c70   0x00000008   Data   RO         3448    .constdata__ZTISt9type_info  cpprt_w.l(type_info_dtor.o)
    0x00007c78   0x00007c78   0x00000022   Data   RO         3299    .constdata__ZTSN10__cxxabiv117__class_type_infoE  cpprt_w.l(lib_rtti_impl.o)
    0x00007c9a   0x00007c9a   0x00000025   Data   RO         3300    .constdata__ZTSN10__cxxabiv120__si_class_type_infoE  cpprt_w.l(lib_rtti_impl.o)
    0x00007cbf   0x00007cbf   0x00000026   Data   RO         3301    .constdata__ZTSN10__cxxabiv121__vmi_class_type_infoE  cpprt_w.l(lib_rtti_impl.o)
    0x00007ce5   0x00007ce5   0x00000014   Data   RO         2873    .constdata__ZTSN4mbed10FileHandleE  mbed.ar(stdio.cpp.lpc1768.arm.o)
    0x00007cf9   0x00007cf9   0x00000018   Data   RO         2872    .constdata__ZTSN4mbed14FileSystemLikeE  mbed.ar(stdio.cpp.lpc1768.arm.o)
    0x00007d11   0x00007d11   0x0000000d   Data   RO         3081    .constdata__ZTSN4mbed4BaseE  mbed.ar(Base.cpp.lpc1768.arm.o)
    0x00007d1e   0x00007d1e   0x00000011   Data   RO         2871    .constdata__ZTSN4mbed8FileLikeE  mbed.ar(stdio.cpp.lpc1768.arm.o)
    0x00007d2f   0x00007d2f   0x0000000d   Data   RO         3449    .constdata__ZTSSt9type_info  cpprt_w.l(type_info_dtor.o)
    0x00007d3c   0x00007d3c   0x00000010   Data   RO         3271    .constdata__ZTVN10__cxxabiv117__class_type_infoE  cpprt_w.l(lib_rtti_impl.o)
    0x00007d4c   0x00007d4c   0x00000010   Data   RO         3273    .constdata__ZTVN10__cxxabiv120__si_class_type_infoE  cpprt_w.l(lib_rtti_impl.o)
    0x00007d5c   0x00007d5c   0x00000010   Data   RO         3275    .constdata__ZTVN10__cxxabiv121__vmi_class_type_infoE  cpprt_w.l(lib_rtti_impl.o)
    0x00007d6c   0x00007d6c   0x0000000e   Data   RO         3054    .conststring        mbed.ar(Base.cpp.lpc1768.arm.o)
    0x00007d7a   0x00007d7a   0x00000005   Data   RO         3055    .conststring        mbed.ar(Base.cpp.lpc1768.arm.o)
    0x00007d7f   0x00007d7f   0x00000001   PAD
    0x00007d80   0x00007d80   0x00000020   Data   RO         3820    Region$$Table       anon$$obj.o
    0x00007da0   0x00007da0   0x00000008   Data   RO         3727    c$$dinf             fz_ws.l(fpconst.o)
    0x00007da8   0x00007da8   0x00000008   Data   RO         3730    c$$dmax             fz_ws.l(fpconst.o)
    0x00007db0   0x00007db0   0x0000001c   Data   RO         3685    locale$$data        c_w.l(lc_numeric_c.o)
    0x00007dcc   0x00007dcc   0x00000110   Data   RO         3749    locale$$data        c_w.l(lc_ctype_c.o)


    Execution Region RW_IRAM1 (Exec base: 0x10000000, Load base: 0x00007edc, Size: 0x00000d70, Max: 0x00008000, ABSOLUTE, COMPRESSED[0x00000014])

    Exec Addr    Load Addr    Size         Type   Attr      Idx    E Section Name        Object

    0x10000000   COMPRESSED   0x000000c4   Data   RW         2570    .ARM.__AT_0x10000000  cmsis_nvic.o
    0x100000c4   COMPRESSED   0x00000002   Data   RW          788    .data               nrk_timer.o
    0x100000c6   COMPRESSED   0x00000002   PAD
    0x100000c8   COMPRESSED   0x00000004   Data   RW          968    .data               nrk.o
    0x100000cc   COMPRESSED   0x00000001   Data   RW          969    .data               nrk.o
    0x100000cd   COMPRESSED   0x00000003   PAD
    0x100000d0   COMPRESSED   0x00000014   Data   RW          970    .data               nrk.o
    0x100000e4   COMPRESSED   0x00000008   Data   RW          973    .data               nrk.o
    0x100000ec   COMPRESSED   0x00000002   Data   RW         1215    .data               nrk_error.o
    0x100000ee   COMPRESSED   0x00000002   PAD
    0x100000f0   COMPRESSED   0x00000004   Data   RW         1313    .data               nrk_events.o
    0x100000f4   COMPRESSED   0x00000008   Data   RW         1415    .data               nrk_scheduler.o
    0x100000fc   COMPRESSED   0x00000004   Data   RW         1814    .data               mrf24j40.o
    0x10000100   COMPRESSED   0x00000006   Data   RW         2005    .data               basic_rf.o
    0x10000106   COMPRESSED   0x00000002   PAD
    0x10000108   COMPRESSED   0x00000018   Data   RW         2290    .data               bmac.o
    0x10000120   COMPRESSED   0x00000014   Data   RW         2516    .data               main.o
    0x10000134   COMPRESSED   0x00000004   Data   RW         2561    .data               system_LPC17xx.o
    0x10000138   COMPRESSED   0x00000004   Data   RW         2580    .data               capi.ar(us_ticker_api.c.lpc1768.arm.o)
    0x1000013c   COMPRESSED   0x00000004   Data   RW         2664    .data               c_w.l(stdio_streams.o)
    0x10000140   COMPRESSED   0x00000004   Data   RW         2665    .data               c_w.l(stdio_streams.o)
    0x10000144   COMPRESSED   0x00000004   Data   RW         2666    .data               c_w.l(stdio_streams.o)
    0x10000148   COMPRESSED   0x00000008   Data   RW         3056    .data               mbed.ar(Base.cpp.lpc1768.arm.o)
    0x10000150   COMPRESSED   0x0000000c   Data   RW         3057    .data               mbed.ar(Base.cpp.lpc1768.arm.o)
    0x1000015c   COMPRESSED   0x00000004   Data   RW         3420    .data               c_w.l(heapauxa.o)
    0x10000160        -       0x00000080   Zero   RW          966    .bss                nrk.o
    0x100001e0        -       0x000002bc   Zero   RW          967    .bss                nrk.o
    0x1000049c        -       0x0000000c   Zero   RW         2004    .bss                basic_rf.o
    0x100004a8        -       0x00000148   Zero   RW         2289    .bss                bmac.o
    0x100005f0        -       0x0000053e   Zero   RW         2513    .bss                main.o
    0x10000b2e   COMPRESSED   0x00000002   PAD
    0x10000b30        -       0x00000054   Zero   RW         2661    .bss                c_w.l(stdio_streams.o)
    0x10000b84        -       0x00000054   Zero   RW         2662    .bss                c_w.l(stdio_streams.o)
    0x10000bd8        -       0x00000054   Zero   RW         2663    .bss                c_w.l(stdio_streams.o)
    0x10000c2c        -       0x000000e4   Zero   RW         2669    .bss                c_w.l(rand.o)
    0x10000d10        -       0x00000040   Zero   RW         2838    .bss                mbed.ar(stdio.cpp.lpc1768.arm.o)
    0x10000d50        -       0x00000004   Zero   RW         3103    .bss                c_w.l(rt_heap_descriptor.o)
    0x10000d54        -       0x00000004   Zero   RW         3504    .bss                c_w.l(rt_errno_addr.o)
    0x10000d58        -       0x00000014   Zero   RW         3638    .bss                c_w.l(rt_locale.o)
    0x10000d6c        -       0x00000004   Zero   RW         3643    .bss                c_w.l(rt_eh_globals_addr.o)


    Execution Region RW_IRAM2 (Exec base: 0x2007c000, Load base: 0x00007ef0, Size: 0x00000000, Max: 0x00004000, ABSOLUTE)

    **** No section assigned to this execution region ****


    Execution Region RW_IRAM3 (Exec base: 0x20080000, Load base: 0x00007ef0, Size: 0x00000000, Max: 0x00004000, ABSOLUTE)

    **** No section assigned to this execution region ****


    Execution Region RW_IRAM4 (Exec base: 0x40038000, Load base: 0x00007ef0, Size: 0x00000000, Max: 0x00000800, ABSOLUTE)

    **** No section assigned to this execution region ****


==============================================================================

Image component sizes


      Code (inc. data)   RO Data    RW Data    ZI Data      Debug   Object Name

      1158        112          0          6         12      20342   basic_rf.o
       996        110          0         24        328      15602   bmac.o
         0          0          0        196          0          0   cmsis_nvic.o
         0          0          0          0          0      20784   hal_wait.o
       578        168          0         20       1342       5474   main.o
      1092         72          0          4          0      11113   mrf24j40.o
       120         14          0          0          0        380   my_asm.o
       708         38          0         33        828       6645   nrk.o
       404         26          0          0          0      31300   nrk_cpu.o
         0          0          0          0          0       4350   nrk_eeprom.o
        48         18          0          2          0       3127   nrk_error.o
       284         32          0          4          0       3409   nrk_events.o
        32          6          0          0          0        608   nrk_idle_task.o
       660         42          0          8          0       1734   nrk_scheduler.o
         2          0          0          0          0        550   nrk_stack_check.o
       780         82          0          0          0       8684   nrk_task.o
        64          8          0          0          0       2074   nrk_time.o
       382         36          0          2          0      14385   nrk_timer.o
        12          4          0          0          0         60   stackheap.o
        40         12        196          0          0        220   startup_LPC17xx.o
       120         10          0          4          0         60   system_LPC17xx.o
       876         34          0          0          0      12482   ulib.o

    ----------------------------------------------------------------------
      8386        824        228        312       2512     163383   Object Totals
         0          0         32          0          0          0   (incl. Generated)
        30          0          0          9          2          0   (incl. Padding)

    ----------------------------------------------------------------------

      Code (inc. data)   RO Data    RW Data    ZI Data      Debug   Library Member Name

        24          4          0          0          0         84   __2printf.o
        44          6          0          0          0         84   __2sprintf.o
        58          0          0          0          0          0   __dczerorl.o
         8          0          0          0          0         68   __main.o
       392          4         17          0          0         92   __printf_flags_ss_wp.o
        14          0          0          0          0         68   __printf_wp.o
         0          0          0          0          0          0   __rtentry.o
        12          0          0          0          0          0   __rtentry2.o
         6          0          0          0          0          0   __rtentry4.o
        52          8          0          0          0          0   __scatter.o
        28          0          0          0          0          0   __scatter_zi.o
        28          0          0          0          0         68   _chval.o
        60          0          0          0          0         92   _mbrtowc.o
         6          0          0          0          0          0   _printf_a.o
         6          0          0          0          0          0   _printf_c.o
        44          0          0          0          0        108   _printf_char.o
        48          6          0          0          0         96   _printf_char_common.o
        36          4          0          0          0         80   _printf_char_file.o
        40          0          0          0          0         68   _printf_charcount.o
         6          0          0          0          0          0   _printf_d.o
       120         16          0          0          0         92   _printf_dec.o
         6          0          0          0          0          0   _printf_e.o
         6          0          0          0          0          0   _printf_f.o
      1054          0          0          0          0        216   _printf_fp_dec.o
       764          8         38          0          0        100   _printf_fp_hex.o
       128         16          0          0          0         84   _printf_fp_infnan.o
         6          0          0          0          0          0   _printf_g.o
       148          4         40          0          0        160   _printf_hex_int_ll_ptr.o
         6          0          0          0          0          0   _printf_i.o
       178          0          0          0          0         88   _printf_intcommon.o
        10          0          0          0          0          0   _printf_l.o
         6          0          0          0          0          0   _printf_lc.o
        10          0          0          0          0          0   _printf_ll.o
         6          0          0          0          0          0   _printf_lld.o
         6          0          0          0          0          0   _printf_lli.o
         6          0          0          0          0          0   _printf_llo.o
         6          0          0          0          0          0   _printf_llu.o
         6          0          0          0          0          0   _printf_llx.o
       124         16          0          0          0         92   _printf_longlong_dec.o
         6          0          0          0          0          0   _printf_ls.o
         6          0          0          0          0          0   _printf_n.o
         6          0          0          0          0          0   _printf_o.o
       112         10          0          0          0        124   _printf_oct_int_ll.o
         6          0          0          0          0          0   _printf_p.o
        78          0          0          0          0        108   _printf_pad.o
         0          0          0          0          0          0   _printf_percent.o
         4          0          0          0          0          0   _printf_percent_end.o
         6          0          0          0          0          0   _printf_s.o
        82          0          0          0          0         80   _printf_str.o
        36          0          0          0          0         84   _printf_truncate.o
         6          0          0          0          0          0   _printf_u.o
        44          0          0          0          0        108   _printf_wchar.o
       188          6          8          0          0         92   _printf_wctomb.o
         6          0          0          0          0          0   _printf_x.o
        22          0          0          0          0        100   _rserrno.o
       884          6          0          0          0        100   _scanf.o
       332          0          0          0          0         96   _scanf_int.o
       342          0          0          0          0        100   _scanf_longlong.o
       276          0          0          0          0        100   _scanf_mbtowc.o
       224          0          0          0          0         96   _scanf_str.o
        30          0          0          0          0         76   _scanf_wcharmap.o
       232          0          0          0          0        100   _scanf_wctomb.o
       208          0          0          0          0         96   _scanf_wstr.o
        64          0          0          0          0         84   _sgetc.o
        10          0          0          0          0         68   _sputc.o
        64          0          0          0          0         92   _wcrtomb.o
        22          0          0          0          0         80   abort.o
       128         42          0          0          0         76   assert.o
        24          6          0          0          0         80   assert_stdio.o
       228          4        148          0          0         96   bigflt0.o
      2152        136          0          0          0        960   btod.o
        48         34          0          0          0         76   defsig_abrt_inner.o
        14          0          0          0          0         80   defsig_abrt_outer.o
        10          0          0          0          0         68   defsig_exit.o
        50          0          0          0          0         88   defsig_general.o
        80         58          0          0          0         76   defsig_rtmem_inner.o
        14          0          0          0          0         80   defsig_rtmem_outer.o
        52         38          0          0          0         76   defsig_rtred_inner.o
        14          0          0          0          0         80   defsig_rtred_outer.o
        76          0          0          0          0         88   fclose.o
         8          0          0          0          0         68   ferror.o
       100          4          0          0          0        120   fflush.o
       470          0          0          0          0         88   flsbuf.o
       236          4          0          0          0        128   fopen.o
        20          0          0          0          0         84   fprintf.o
        26          0          0          0          0         68   fputc.o
        34          0          0          0          0         80   fputs.o
       248          6          0          0          0         84   fseek.o
        66          0          0          0          0         76   ftell.o
        94          0          0          0          0         80   h1_alloc.o
        52          0          0          0          0         68   h1_extend.o
        78          0          0          0          0         80   h1_free.o
        14          0          0          0          0         84   h1_init.o
        80          6          0          4          0         96   heapauxa.o
         4          0          0          0          0        136   hguard.o
         0          0          0          0          0          0   indicate_semi.o
       138          0          0          0          0        168   init_alloc.o
       312         46          0          0          0        112   initio.o
        18          0          0          0          0         76   isspace.o
        44         10        272          0          0         76   lc_ctype_c.o
        44         10         28          0          0         76   lc_numeric_c.o
         2          0          0          0          0          0   libinit.o
        46          0          0          0          0          0   libinit2.o
         0          0          0          0          0          0   libshutdown2.o
        38          0          0          0          0         68   llshl.o
       138          0          0          0          0         80   lludiv10.o
       238          0          0          0          0        100   lludivv7m.o
         0          0          0          0          0          0   maybetermalloc1.o
       112         18          0          0        228        160   rand.o
        16          4          0          0          0         76   rt_ctype_table.o
         8          4          0          0          4         68   rt_eh_globals_addr.o
         8          4          0          0          4         68   rt_errno_addr.o
         8          4          0          0          4         68   rt_heap_descriptor.o
         8          4          0          0         20         68   rt_locale.o
        78          0          0          0          0         80   rt_memclr_w.o
        44          8          0          0          0         84   scanf_char.o
      1272         16          0          0          0        168   scanf_fp.o
       800         14          0          0          0        100   scanf_hexfp.o
       308         16          0          0          0        100   scanf_infnan.o
        70          0          0          0          0         80   setvbuf.o
        44          6          0          0          0         84   sprintf.o
        60          8          0          0          0         84   sscanf.o
       240          6          0          0          0        156   stdio.o
         0          0          0         12        252          0   stdio_streams.o
       128          0          0          0          0         68   strcmpv7m.o
        62          0          0          0          0         76   strlen.o
       150          0          0          0          0         80   strncmp.o
        12          4          0          0          0         68   sys_exit.o
        14          0          0          0          0         76   sys_wrch.o
         2          0          0          0          0         68   use_no_semi.o
        22          0          0          0          0         76   exit.c.lpc1768.arm.o
        72          0          0          0          0        132   gpio_api.c.lpc1768.arm.o
       424        100          0          0          0        332   pinmap.c.lpc1768.arm.o
        12          0          0          0          0         68   semihost_api.c.lpc1768.arm.o
       644        110        340          0          0        280   serial_api.c.lpc1768.arm.o
       148         16          0          0          0        240   timer_api.c.lpc1768.arm.o
        56         12          0          4          0         80   us_ticker_api.c.lpc1768.arm.o
       120          6          0          0          0         76   utils_api.c.lpc1768.arm.o
        50          0          0          0          0        144   wait_api.c.lpc1768.arm.o
         4          0          0          0          0         72   arm_bad_typeid_noexceptions.o
        80         12          0          0          0        104   arm_exceptions_globs.o
        60          0          0          0          0        108   arm_exceptions_mem.o
        26          0          0          0          0         76   arm_exceptions_terminate.o
         8          0          0          0          0         76   array_del.o
         8          0          0          0          0         76   delete.o
         0          0        193          0          0          0   lib_rtti_impl.o
      1270         42          0          0          0        780   rtti.o
         0          0         21          0          0          0   type_info_dtor.o
        32          0          0          0          0         80   type_info_eq.o
        98          4          0          0          0         92   d2f.o
        16          4          0          0          0         68   dcheck1.o
        24          0          0          0          0         68   dcmpi.o
       120          4          0          0          0         92   deqf.o
       120          4          0          0          0         92   dleqf.o
       156          4          0          0          0         92   dnaninf.o
       108          0          0          0          0         80   drleqf.o
       430          8          0          0          0        168   faddsub_clz.o
        12          4          0          0          0         68   fcheck1.o
       388         76          0          0          0         96   fdiv.o
        54          4          0          0          0         84   ffix.o
        86          0          0          0          0        136   fflt_clz.o
       258          4          0          0          0         84   fmul.o
       140          4          0          0          0         84   fnaninf.o
         0          0         16          0          0          0   fpconst.o
        10          0          0          0          0         68   fretinf.o
         6          0          0          0          0         68   istatus.o
         4          0          0          0          0         68   printf1.o
         4          0          0          0          0         68   printf2.o
       100          0          0          0          0         68   retnan.o
        92          0          0          0          0         68   scalbn.o
        76          0          0          0          0         68   scalbnf.o
         4          0          0          0          0         68   scanf1.o
         8          0          0          0          0         84   scanf2.o
        48          0          0          0          0         68   trapv.o
         0          0          0          0          0          0   usenofp.o
        30          6          0          0          0        136   dunder.o
        40          0          0          0          0         68   fpclassify.o
        88          8          0          0          0         76   frexp.o
        20          0          0          0          0        136   funder.o
       138          0          0          0          0        160   ldexp.o
       204          4          0          0          0        168   narrow.o
        84          0          0          0          0         76   scalbnf.o
       168         20         64         20          0        216   Base.cpp.lpc1768.arm.o
       640         68        136          0         64        404   stdio.cpp.lpc1768.arm.o

    ----------------------------------------------------------------------
     22538       1160       1324         40        576      15664   Library Totals
        42          2          3          0          0          0   (incl. Padding)

    ----------------------------------------------------------------------

      Code (inc. data)   RO Data    RW Data    ZI Data      Debug   Library Name

     15686        634        551         16        512       9424   c_w.l
      1548        244        340          4          0       1428   capi.ar
      1488         54        214          0          0       1372   cpprt_w.l
      2362        120         16          0          0       2000   fz_ws.l
       604         18          0          0          0        820   m_ws.l
       808         88        200         20         64        620   mbed.ar

    ----------------------------------------------------------------------
     22538       1160       1324         40        576      15664   Library Totals

    ----------------------------------------------------------------------

==============================================================================


      Code (inc. data)   RO Data    RW Data    ZI Data      Debug   

     30924       1984       1552        352       3088     164023   Grand Totals
     30924       1984       1552         20       3088     164023   ELF Image Totals (compressed)
     30924       1984       1552         20          0          0   ROM Totals

==============================================================================

    Total RO  Size (Code + RO Data)                32476 (  31.71kB)
    Total RW  Size (RW Data + ZI Data)              3440 (   3.36kB)
    Total ROM Size (Code + RO Data + RW Data)      32496 (  31.73kB)

==============================================================================

